Archive member included to satisfy reference by file (symbol)

c:/progra~1/raspbe~1/picosd~1.1/gcc-ar~1/bin/../lib/gcc/arm-none-eabi/10.3.1/thumb/v6-m/nofp\libgcc.a(_dvmd_tls.o)
                              CMakeFiles/pico-m8-keyboard.dir/C_/Program_Files/Raspberry_Pi/Pico_SDK_v1.5.1/pico-sdk/src/rp2_common/pico_divider/divider.S.obj (__aeabi_idiv0)
c:/progra~1/raspbe~1/picosd~1.1/gcc-ar~1/bin/../lib/gcc/arm-none-eabi/10.3.1/../../../../arm-none-eabi/lib/thumb/v6-m/nofp\libc.a(lib_a-calloc.o)
                              CMakeFiles/pico-m8-keyboard.dir/C_/Program_Files/Raspberry_Pi/Pico_SDK_v1.5.1/pico-sdk/src/rp2_common/pico_malloc/pico_malloc.c.obj (calloc)
c:/progra~1/raspbe~1/picosd~1.1/gcc-ar~1/bin/../lib/gcc/arm-none-eabi/10.3.1/../../../../arm-none-eabi/lib/thumb/v6-m/nofp\libc.a(lib_a-callocr.o)
                              c:/progra~1/raspbe~1/picosd~1.1/gcc-ar~1/bin/../lib/gcc/arm-none-eabi/10.3.1/../../../../arm-none-eabi/lib/thumb/v6-m/nofp\libc.a(lib_a-calloc.o) (_calloc_r)
c:/progra~1/raspbe~1/picosd~1.1/gcc-ar~1/bin/../lib/gcc/arm-none-eabi/10.3.1/../../../../arm-none-eabi/lib/thumb/v6-m/nofp\libc.a(lib_a-errno.o)
                              c:/progra~1/raspbe~1/picosd~1.1/gcc-ar~1/bin/../lib/gcc/arm-none-eabi/10.3.1/../../../../arm-none-eabi/lib/thumb/v6-m/nofp\libc.a(lib_a-callocr.o) (__errno)
c:/progra~1/raspbe~1/picosd~1.1/gcc-ar~1/bin/../lib/gcc/arm-none-eabi/10.3.1/../../../../arm-none-eabi/lib/thumb/v6-m/nofp\libc.a(lib_a-impure.o)
                              c:/progra~1/raspbe~1/picosd~1.1/gcc-ar~1/bin/../lib/gcc/arm-none-eabi/10.3.1/../../../../arm-none-eabi/lib/thumb/v6-m/nofp\libc.a(lib_a-calloc.o) (_impure_ptr)
c:/progra~1/raspbe~1/picosd~1.1/gcc-ar~1/bin/../lib/gcc/arm-none-eabi/10.3.1/../../../../arm-none-eabi/lib/thumb/v6-m/nofp\libc.a(lib_a-init.o)
                              c:/progra~1/raspbe~1/picosd~1.1/gcc-ar~1/bin/../lib/gcc/arm-none-eabi/10.3.1/../../../../arm-none-eabi/lib/thumb/v6-m/nofp/crt0.o (__libc_init_array)
c:/progra~1/raspbe~1/picosd~1.1/gcc-ar~1/bin/../lib/gcc/arm-none-eabi/10.3.1/../../../../arm-none-eabi/lib/thumb/v6-m/nofp\libc.a(lib_a-malloc.o)
                              CMakeFiles/pico-m8-keyboard.dir/C_/Program_Files/Raspberry_Pi/Pico_SDK_v1.5.1/pico-sdk/src/rp2_common/pico_malloc/pico_malloc.c.obj (malloc)
c:/progra~1/raspbe~1/picosd~1.1/gcc-ar~1/bin/../lib/gcc/arm-none-eabi/10.3.1/../../../../arm-none-eabi/lib/thumb/v6-m/nofp\libc.a(lib_a-mallocr.o)
                              c:/progra~1/raspbe~1/picosd~1.1/gcc-ar~1/bin/../lib/gcc/arm-none-eabi/10.3.1/../../../../arm-none-eabi/lib/thumb/v6-m/nofp\libc.a(lib_a-callocr.o) (_malloc_r)
c:/progra~1/raspbe~1/picosd~1.1/gcc-ar~1/bin/../lib/gcc/arm-none-eabi/10.3.1/../../../../arm-none-eabi/lib/thumb/v6-m/nofp\libc.a(lib_a-mlock.o)
                              c:/progra~1/raspbe~1/picosd~1.1/gcc-ar~1/bin/../lib/gcc/arm-none-eabi/10.3.1/../../../../arm-none-eabi/lib/thumb/v6-m/nofp\libc.a(lib_a-mallocr.o) (__malloc_lock)
c:/progra~1/raspbe~1/picosd~1.1/gcc-ar~1/bin/../lib/gcc/arm-none-eabi/10.3.1/../../../../arm-none-eabi/lib/thumb/v6-m/nofp\libc.a(lib_a-realloc.o)
                              CMakeFiles/pico-m8-keyboard.dir/C_/Program_Files/Raspberry_Pi/Pico_SDK_v1.5.1/pico-sdk/src/rp2_common/pico_malloc/pico_malloc.c.obj (realloc)
c:/progra~1/raspbe~1/picosd~1.1/gcc-ar~1/bin/../lib/gcc/arm-none-eabi/10.3.1/../../../../arm-none-eabi/lib/thumb/v6-m/nofp\libc.a(lib_a-reallocr.o)
                              c:/progra~1/raspbe~1/picosd~1.1/gcc-ar~1/bin/../lib/gcc/arm-none-eabi/10.3.1/../../../../arm-none-eabi/lib/thumb/v6-m/nofp\libc.a(lib_a-realloc.o) (_realloc_r)
c:/progra~1/raspbe~1/picosd~1.1/gcc-ar~1/bin/../lib/gcc/arm-none-eabi/10.3.1/../../../../arm-none-eabi/lib/thumb/v6-m/nofp\libc.a(lib_a-sbrkr.o)
                              c:/progra~1/raspbe~1/picosd~1.1/gcc-ar~1/bin/../lib/gcc/arm-none-eabi/10.3.1/../../../../arm-none-eabi/lib/thumb/v6-m/nofp\libc.a(lib_a-mallocr.o) (_sbrk_r)
c:/progra~1/raspbe~1/picosd~1.1/gcc-ar~1/bin/../lib/gcc/arm-none-eabi/10.3.1/../../../../arm-none-eabi/lib/thumb/v6-m/nofp\libc.a(lib_a-strlen-stub.o)
                              CMakeFiles/pico-m8-keyboard.dir/C_/Program_Files/Raspberry_Pi/Pico_SDK_v1.5.1/pico-sdk/src/rp2_common/pico_stdio/stdio.c.obj (strlen)
c:/progra~1/raspbe~1/picosd~1.1/gcc-ar~1/bin/../lib/gcc/arm-none-eabi/10.3.1/../../../../arm-none-eabi/lib/thumb/v6-m/nofp\libc.a(lib_a-freer.o)
                              c:/progra~1/raspbe~1/picosd~1.1/gcc-ar~1/bin/../lib/gcc/arm-none-eabi/10.3.1/../../../../arm-none-eabi/lib/thumb/v6-m/nofp\libc.a(lib_a-malloc.o) (_free_r)
c:/progra~1/raspbe~1/picosd~1.1/gcc-ar~1/bin/../lib/gcc/arm-none-eabi/10.3.1/../../../../arm-none-eabi/lib/thumb/v6-m/nofp\libc.a(lib_a-lock.o)
[...]
Memory Configuration

Name             Origin             Length             Attributes
FLASH            0x10000000         0x00200000         xr
RAM              0x20000000         0x00040000         xrw
SCRATCH_X        0x20040000         0x00001000         xrw
SCRATCH_Y        0x20041000         0x00001000         xrw
*default*        0x00000000         0xffffffff

Linker script and memory map

LOAD c:/progra~1/raspbe~1/picosd~1.1/gcc-ar~1/bin/../lib/gcc/arm-none-eabi/10.3.1/thumb/v6-m/nofp/crti.o
LOAD c:/progra~1/raspbe~1/picosd~1.1/gcc-ar~1/bin/../lib/gcc/arm-none-eabi/10.3.1/thumb/v6-m/nofp/crtbegin.o
LOAD c:/progra~1/raspbe~1/picosd~1.1/gcc-ar~1/bin/../lib/gcc/arm-none-eabi/10.3.1/../../../../arm-none-eabi/lib/thumb/v6-m/nofp/crt0.o

.flash_begin    0x10000000        0x0
                0x10000000                __flash_binary_start = .

.boot2          0x10000000      0x100
                0x10000000                __boot2_start__ = .
 *(.boot2)
 .boot2         0x10000000      0x100 C:\Users\Edward\AppData\Local\Temp\ccMThiiT.o
                0x10000100                __boot2_end__ = .
                0x00000001                ASSERT (((__boot2_end__ - __boot2_start__) == 0x100), ERROR: Pico second stage bootloader must be 256 bytes in size)

.text           0x10000100     0x4d00
                0x10000100                __logical_binary_start = .
 *(.vectors)
 .vectors       0x10000100       0xd4 CMakeFiles/pico-m8-keyboard.dir/C_/Program_Files/Raspberry_Pi/Pico_SDK_v1.5.1/pico-sdk/src/rp2_common/pico_standard_link/crt0.S.obj
                0x10000100                __VECTOR_TABLE
                0x10000100                __vectors
                0x100001c0                isr_invalid
                0x100001c0                __default_isrs_start
                0x100001c2                isr_nmi
                0x100001c4                isr_hardfault
                0x100001c6                isr_svcall
                0x100001c8                isr_pendsv
                0x100001ca                isr_systick
                0x100001cc                isr_irq23
                0x100001cc                isr_irq18
                0x100001cc                isr_irq11
                0x100001cc                isr_irq28
                0x100001cc                isr_irq19
                0x100001cc                isr_irq0
                0x100001cc                isr_irq6
                0x100001cc                isr_irq5
                0x100001cc                isr_irq12
                0x100001cc                isr_irq22
                0x100001cc                isr_irq31
                0x100001cc                isr_irq17
                0x100001cc                isr_irq27
                0x100001cc                isr_irq30
                0x100001cc                isr_irq2
                0x100001cc                isr_irq10
                0x100001cc                isr_irq8
                0x100001cc                isr_irq24
                0x100001cc                isr_irq1
                0x100001cc                isr_irq7
                0x100001cc                isr_irq21
                0x100001cc                isr_irq20
                0x100001cc                isr_irq15
                0x100001cc                isr_irq25
                0x100001cc                isr_irq13
                0x100001cc                __unhandled_user_irq
                0x100001cc                isr_irq4
                0x100001cc                isr_irq16
                0x100001cc                isr_irq29
                0x100001cc                isr_irq26
                0x100001cc                __default_isrs_end
                0x100001cc                isr_irq3
                0x100001cc                isr_irq14
                0x100001cc                isr_irq9
                0x100001d2                unhandled_user_irq_num_in_r0
 *(.binary_info_header)
 .binary_info_header
                0x100001d4       0x14 CMakeFiles/pico-m8-keyboard.dir/C_/Program_Files/Raspberry_Pi/Pico_SDK_v1.5.1/pico-sdk/src/rp2_common/pico_standard_link/crt0.S.obj
                0x100001e8                __binary_info_header_end = .
 *(.reset)
 .reset         0x100001e8       0xa0 CMakeFiles/pico-m8-keyboard.dir/C_/Program_Files/Raspberry_Pi/Pico_SDK_v1.5.1/pico-sdk/src/rp2_common/pico_standard_link/crt0.S.obj
                0x100001e8                _entry_point
 .reset         0x10000288       0x30 CMakeFiles/pico-m8-keyboard.dir/C_/Program_Files/Raspberry_Pi/Pico_SDK_v1.5.1/pico-sdk/src/rp2_common/pico_standard_link/binary_info.c.obj
 *(.init)
 .init          0x100002b8        0x4 c:/progra~1/raspbe~1/picosd~1.1/gcc-ar~1/bin/../lib/gcc/arm-none-eabi/10.3.1/thumb/v6-m/nofp/crti.o
                0x100002b8                _init
 *(EXCLUDE_FILE(*libm.a: *libc.a:*lib_a-mem*.o *libgcc.a:) .text*)
 .text          0x100002bc       0x48 c:/progra~1/raspbe~1/picosd~1.1/gcc-ar~1/bin/../lib/gcc/arm-none-eabi/10.3.1/thumb/v6-m/nofp/crtbegin.o
 .text.tud_mount_cb
                0x10000304       0x10 CMakeFiles/pico-m8-keyboard.dir/pico-m8-keyboard.cpp.obj
                0x10000304                tud_mount_cb
 .text.tud_umount_cb
                0x10000314        0xc CMakeFiles/pico-m8-keyboard.dir/pico-m8-keyboard.cpp.obj
                0x10000314                tud_umount_cb
 .text.tud_suspend_cb
                0x10000320       0x10 CMakeFiles/pico-m8-keyboard.dir/pico-m8-keyboard.cpp.obj
                0x10000320                tud_suspend_cb
 .text.tud_resume_cb
                0x10000330       0x10 CMakeFiles/pico-m8-keyboard.dir/pico-m8-keyboard.cpp.obj
                0x10000330                tud_resume_cb
 .text._ZN17Adafruit_USBD_CDC5beginEm
                0x10000340        0x4 CMakeFiles/pico-m8-keyboard.dir/pico-m8-keyboard.cpp.obj
                0x10000340                Adafruit_USBD_CDC::begin(unsigned long)
 .text.startup.main
                0x10000344       0xfc CMakeFiles/pico-m8-keyboard.dir/pico-m8-keyboard.cpp.obj
                0x10000344                main
 .text._ZN5Print17availableForWriteEv
                0x10000440        0x4 CMakeFiles/pico-m8-keyboard.dir/TinyUSB_Mouse_and_Keyboard/TinyUSB_Mouse_and_Keyboard.cpp.obj
                0x10000440                Print::availableForWrite()
 .text._ZN5Print5flushEv
                0x10000444        0x4 CMakeFiles/pico-m8-keyboard.dir/TinyUSB_Mouse_and_Keyboard/TinyUSB_Mouse_and_Keyboard.cpp.obj
                0x10000444                Print::flush()
 .text._ZN13TinyKeyboard_5beginEv
                0x10000448       0x40 CMakeFiles/pico-m8-keyboard.dir/TinyUSB_Mouse_and_Keyboard/TinyUSB_Mouse_and_Keyboard.cpp.obj
                0x10000448                TinyKeyboard_::begin()
 .text._ZN13TinyKeyboard_5pressEh
                0x10000488       0xe8 CMakeFiles/pico-m8-keyboard.dir/TinyUSB_Mouse_and_Keyboard/TinyUSB_Mouse_and_Keyboard.cpp.obj
                0x10000488                TinyKeyboard_::press(unsigned char)
 .text._ZN13TinyKeyboard_5writeEh
                0x10000570       0xec CMakeFiles/pico-m8-keyboard.dir/TinyUSB_Mouse_and_Keyboard/TinyUSB_Mouse_and_Keyboard.cpp.obj
                0x10000570                TinyKeyboard_::write(unsigned char)
 .text._ZN13TinyKeyboard_5writeEPKhj
                0x1000065c      0x12c CMakeFiles/pico-m8-keyboard.dir/TinyUSB_Mouse_and_Keyboard/TinyUSB_Mouse_and_Keyboard.cpp.obj
                0x1000065c                TinyKeyboard_::write(unsigned char const*, unsigned int)
 .text._ZN13TinyKeyboard_7releaseEh
                0x10000788       0xe4 CMakeFiles/pico-m8-keyboard.dir/TinyUSB_Mouse_and_Keyboard/TinyUSB_Mouse_and_Keyboard.cpp.obj
                0x10000788                TinyKeyboard_::release(unsigned char)
 .text.startup._GLOBAL__sub_I_usb_hid
                0x1000086c       0x24 CMakeFiles/pico-m8-keyboard.dir/TinyUSB_Mouse_and_Keyboard/TinyUSB_Mouse_and_Keyboard.cpp.obj
 .text._ZN17Adafruit_USBD_HID22getInterfaceDescriptorEhPht
                0x10000890      0x184 CMakeFiles/pico-m8-keyboard.dir/Adafruit_TinyUSB_Arduino/src/arduino/hid/Adafruit_USBD_HID.cpp.obj
                0x10000890                Adafruit_USBD_HID::getInterfaceDescriptor(unsigned char, unsigned char*, unsigned short)
 .text._ZN17Adafruit_USBD_HIDC2Ev
                0x10000a14       0x20 CMakeFiles/pico-m8-keyboard.dir/Adafruit_TinyUSB_Arduino/src/arduino/hid/Adafruit_USBD_HID.cpp.obj
                0x10000a14                Adafruit_USBD_HID::Adafruit_USBD_HID()
                0x10000a14                Adafruit_USBD_HID::Adafruit_USBD_HID()
 .text._ZN17Adafruit_USBD_HID15setPollIntervalEh
                0x10000a34        0x4 CMakeFiles/pico-m8-keyboard.dir/Adafruit_TinyUSB_Arduino/src/arduino/hid/Adafruit_USBD_HID.cpp.obj
                0x10000a34                Adafruit_USBD_HID::setPollInterval(unsigned char)
 .text._ZN17Adafruit_USBD_HID19setReportDescriptorEPKht
                0x10000a38        0x8 CMakeFiles/pico-m8-keyboard.dir/Adafruit_TinyUSB_Arduino/src/arduino/hid/Adafruit_USBD_HID.cpp.obj
                0x10000a38                Adafruit_USBD_HID::setReportDescriptor(unsigned char const*, unsigned short)
 .text._ZN17Adafruit_USBD_HID5beginEv
                0x10000a40       0x40 CMakeFiles/pico-m8-keyboard.dir/Adafruit_TinyUSB_Arduino/src/arduino/hid/Adafruit_USBD_HID.cpp.obj
                0x10000a40                Adafruit_USBD_HID::begin()
 .text._ZN17Adafruit_USBD_HID5readyEv
                0x10000a80        0xc CMakeFiles/pico-m8-keyboard.dir/Adafruit_TinyUSB_Arduino/src/arduino/hid/Adafruit_USBD_HID.cpp.obj
                0x10000a80                Adafruit_USBD_HID::ready()
 .text.tud_hid_descriptor_report_cb
                0x10000a8c       0x14 CMakeFiles/pico-m8-keyboard.dir/Adafruit_TinyUSB_Arduino/src/arduino/hid/Adafruit_USBD_HID.cpp.obj
                0x10000a8c                tud_hid_descriptor_report_cb
 .text.tud_hid_get_report_cb
                0x10000aa0       0x2c CMakeFiles/pico-m8-keyboard.dir/Adafruit_TinyUSB_Arduino/src/arduino/hid/Adafruit_USBD_HID.cpp.obj
                0x10000aa0                tud_hid_get_report_cb
 .text.tud_hid_set_report_cb
                0x10000acc       0x28 CMakeFiles/pico-m8-keyboard.dir/Adafruit_TinyUSB_Arduino/src/arduino/hid/Adafruit_USBD_HID.cpp.obj
                0x10000acc                tud_hid_set_report_cb
 .text._ZN17Adafruit_USBD_HID14keyboardReportEhhPh
                0x10000af4        0xc CMakeFiles/pico-m8-keyboard.dir/Adafruit_TinyUSB_Arduino/src/arduino/hid/Adafruit_USBD_HID.cpp.obj
                0x10000af4                Adafruit_USBD_HID::keyboardReport(unsigned char, unsigned char, unsigned char*)
 .text._ZL12strcpy_utf16PKcPti.constprop.0
                0x10000b00      0x180 CMakeFiles/pico-m8-keyboard.dir/Adafruit_TinyUSB_Arduino/src/arduino/Adafruit_USBD_Device.cpp.obj
 .text._ZN20Adafruit_USBD_Device7mountedEv
                0x10000c80        0x8 CMakeFiles/pico-m8-keyboard.dir/Adafruit_TinyUSB_Arduino/src/arduino/Adafruit_USBD_Device.cpp.obj
                0x10000c80                Adafruit_USBD_Device::mounted()
 .text._ZN20Adafruit_USBD_Device9suspendedEv
                0x10000c88        0x8 CMakeFiles/pico-m8-keyboard.dir/Adafruit_TinyUSB_Arduino/src/arduino/Adafruit_USBD_Device.cpp.obj
                0x10000c88                Adafruit_USBD_Device::suspended()
 .text._ZN20Adafruit_USBD_Device12remoteWakeupEv
                0x10000c90        0x8 CMakeFiles/pico-m8-keyboard.dir/Adafruit_TinyUSB_Arduino/src/arduino/Adafruit_USBD_Device.cpp.obj
                0x10000c90                Adafruit_USBD_Device::remoteWakeup()
 .text._ZN20Adafruit_USBD_Device12addInterfaceER23Adafruit_USBD_Interface
                0x10000c98       0x48 CMakeFiles/pico-m8-keyboard.dir/Adafruit_TinyUSB_Arduino/src/arduino/Adafruit_USBD_Device.cpp.obj
                0x10000c98                Adafruit_USBD_Device::addInterface(Adafruit_USBD_Interface&)
 .text._ZN20Adafruit_USBD_Device5beginEh
                0x10000ce0       0xc4 CMakeFiles/pico-m8-keyboard.dir/Adafruit_TinyUSB_Arduino/src/arduino/Adafruit_USBD_Device.cpp.obj
                0x10000ce0                Adafruit_USBD_Device::begin(unsigned char)
 .text._ZN20Adafruit_USBD_Device19getSerialDescriptorEPt
                0x10000da4       0x9c CMakeFiles/pico-m8-keyboard.dir/Adafruit_TinyUSB_Arduino/src/arduino/Adafruit_USBD_Device.cpp.obj
                0x10000da4                Adafruit_USBD_Device::getSerialDescriptor(unsigned short*)
 .text.tud_descriptor_device_cb
                0x10000e40        0x8 CMakeFiles/pico-m8-keyboard.dir/Adafruit_TinyUSB_Arduino/src/arduino/Adafruit_USBD_Device.cpp.obj
                0x10000e40                tud_descriptor_device_cb
 .text.tud_descriptor_configuration_cb
                0x10000e48        0xc CMakeFiles/pico-m8-keyboard.dir/Adafruit_TinyUSB_Arduino/src/arduino/Adafruit_USBD_Device.cpp.obj
                0x10000e48                tud_descriptor_configuration_cb
 .text.tud_descriptor_string_cb
                0x10000e54       0x78 CMakeFiles/pico-m8-keyboard.dir/Adafruit_TinyUSB_Arduino/src/arduino/Adafruit_USBD_Device.cpp.obj
                0x10000e54                tud_descriptor_string_cb
 .text._ZL20usb_task_trigger_irqv
                0x10000ecc       0x10 CMakeFiles/pico-m8-keyboard.dir/Adafruit_TinyUSB_Arduino/src/arduino/ports/rp2040/Adafruit_TinyUSB_rp2040.cpp.obj
 .text._ZL12usb_task_irqv
                0x10000edc       0x28 CMakeFiles/pico-m8-keyboard.dir/Adafruit_TinyUSB_Arduino/src/arduino/ports/rp2040/Adafruit_TinyUSB_rp2040.cpp.obj
 .text._Z23TinyUSB_Port_InitDeviceh
                0x10000f04       0x44 CMakeFiles/pico-m8-keyboard.dir/Adafruit_TinyUSB_Arduino/src/arduino/ports/rp2040/Adafruit_TinyUSB_rp2040.cpp.obj
                0x10000f04                TinyUSB_Port_InitDevice(unsigned char)
 .text._Z28TinyUSB_Port_GetSerialNumberPh
                0x10000f48        0xc CMakeFiles/pico-m8-keyboard.dir/Adafruit_TinyUSB_Arduino/src/arduino/ports/rp2040/Adafruit_TinyUSB_rp2040.cpp.obj
                0x10000f48                TinyUSB_Port_GetSerialNumber(unsigned char*)
 .text.gpio_set_function
                0x10000f54       0x30 CMakeFiles/pico-m8-keyboard.dir/C_/Program_Files/Raspberry_Pi/Pico_SDK_v1.5.1/pico-sdk/src/rp2_common/hardware_gpio/gpio.c.obj
                0x10000f54                gpio_set_function
 .text.gpio_set_pulls
                0x10000f84       0x30 CMakeFiles/pico-m8-keyboard.dir/C_/Program_Files/Raspberry_Pi/Pico_SDK_v1.5.1/pico-sdk/src/rp2_common/hardware_gpio/gpio.c.obj
                0x10000f84                gpio_set_pulls
 .text.gpio_init
                0x10000fb4       0x3c CMakeFiles/pico-m8-keyboard.dir/C_/Program_Files/Raspberry_Pi/Pico_SDK_v1.5.1/pico-sdk/src/rp2_common/hardware_gpio/gpio.c.obj
                0x10000fb4                gpio_init
 .text.running_on_fpga
                0x10000ff0       0x10 CMakeFiles/pico-m8-keyboard.dir/C_/Program_Files/Raspberry_Pi/Pico_SDK_v1.5.1/pico-sdk/src/rp2_common/pico_platform/platform.c.obj
                0x10000ff0                running_on_fpga
 .text.hw_claim_or_assert
                0x10001000       0x44 CMakeFiles/pico-m8-keyboard.dir/C_/Program_Files/Raspberry_Pi/Pico_SDK_v1.5.1/pico-sdk/src/rp2_common/hardware_claim/claim.c.obj
                0x10001000                hw_claim_or_assert
 .text.hw_claim_unused_from_range
                0x10001044       0x9c CMakeFiles/pico-m8-keyboard.dir/C_/Program_Files/Raspberry_Pi/Pico_SDK_v1.5.1/pico-sdk/src/rp2_common/hardware_claim/claim.c.obj
                0x10001044                hw_claim_unused_from_range
 .text.spin_locks_reset
                0x100010e0       0x1c CMakeFiles/pico-m8-keyboard.dir/C_/Program_Files/Raspberry_Pi/Pico_SDK_v1.5.1/pico-sdk/src/rp2_common/hardware_sync/sync.c.obj
                0x100010e0                spin_locks_reset
 .text.next_striped_spin_lock_num
                0x100010fc       0x18 CMakeFiles/pico-m8-keyboard.dir/C_/Program_Files/Raspberry_Pi/Pico_SDK_v1.5.1/pico-sdk/src/rp2_common/hardware_sync/sync.c.obj
                0x100010fc                next_striped_spin_lock_num
 .text.spin_lock_claim_unused
                0x10001114       0x20 CMakeFiles/pico-m8-keyboard.dir/C_/Program_Files/Raspberry_Pi/Pico_SDK_v1.5.1/pico-sdk/src/rp2_common/hardware_sync/sync.c.obj
                0x10001114                spin_lock_claim_unused
 .text.irq_set_enabled
                0x10001134       0x24 CMakeFiles/pico-m8-keyboard.dir/C_/Program_Files/Raspberry_Pi/Pico_SDK_v1.5.1/pico-sdk/src/rp2_common/hardware_irq/irq.c.obj
                0x10001134                irq_set_enabled
 .text.irq_set_pending
                0x10001158       0x10 CMakeFiles/pico-m8-keyboard.dir/C_/Program_Files/Raspberry_Pi/Pico_SDK_v1.5.1/pico-sdk/src/rp2_common/hardware_irq/irq.c.obj
                0x10001158                irq_set_pending
 .text.irq_get_vtable_handler
                0x10001168       0x10 CMakeFiles/pico-m8-keyboard.dir/C_/Program_Files/Raspberry_Pi/Pico_SDK_v1.5.1/pico-sdk/src/rp2_common/hardware_irq/irq.c.obj
                0x10001168                irq_get_vtable_handler
 .text.irq_set_exclusive_handler
                0x10001178       0x54 CMakeFiles/pico-m8-keyboard.dir/C_/Program_Files/Raspberry_Pi/Pico_SDK_v1.5.1/pico-sdk/src/rp2_common/hardware_irq/irq.c.obj
                0x10001178                irq_set_exclusive_handler
 .text.irq_add_shared_handler
                0x100011cc      0x1e8 CMakeFiles/pico-m8-keyboard.dir/C_/Program_Files/Raspberry_Pi/Pico_SDK_v1.5.1/pico-sdk/src/rp2_common/hardware_irq/irq.c.obj
                0x100011cc                irq_add_shared_handler
 .text.irq_remove_handler
                0x100013b4      0x1b0 CMakeFiles/pico-m8-keyboard.dir/C_/Program_Files/Raspberry_Pi/Pico_SDK_v1.5.1/pico-sdk/src/rp2_common/hardware_irq/irq.c.obj
                0x100013b4                irq_remove_handler
 .text.irq_add_tail_to_free_list
                0x10001564       0xb4 CMakeFiles/pico-m8-keyboard.dir/C_/Program_Files/Raspberry_Pi/Pico_SDK_v1.5.1/pico-sdk/src/rp2_common/hardware_irq/irq.c.obj
                0x10001564                irq_add_tail_to_free_list
 .text.irq_init_priorities
                0x10001618       0x24 CMakeFiles/pico-m8-keyboard.dir/C_/Program_Files/Raspberry_Pi/Pico_SDK_v1.5.1/pico-sdk/src/rp2_common/hardware_irq/irq.c.obj
                0x10001618                irq_init_priorities
 .text.user_irq_claim_unused
                0x1000163c       0x28 CMakeFiles/pico-m8-keyboard.dir/C_/Program_Files/Raspberry_Pi/Pico_SDK_v1.5.1/pico-sdk/src/rp2_common/hardware_irq/irq.c.obj
                0x1000163c                user_irq_claim_unused
 .text.lock_init
                0x10001664       0x10 CMakeFiles/pico-m8-keyboard.dir/C_/Program_Files/Raspberry_Pi/Pico_SDK_v1.5.1/pico-sdk/src/common/pico_sync/lock_core.c.obj
                0x10001664                lock_init
 .text.mutex_init
                0x10001674       0x1c CMakeFiles/pico-m8-keyboard.dir/C_/Program_Files/Raspberry_Pi/Pico_SDK_v1.5.1/pico-sdk/src/common/pico_sync/mutex.c.obj
                0x10001674                mutex_init
 .text.recursive_mutex_init
                0x10001690       0x1c CMakeFiles/pico-m8-keyboard.dir/C_/Program_Files/Raspberry_Pi/Pico_SDK_v1.5.1/pico-sdk/src/common/pico_sync/mutex.c.obj
                0x10001690                recursive_mutex_init
 .text.critical_section_init
                0x100016ac       0x20 CMakeFiles/pico-m8-keyboard.dir/C_/Program_Files/Raspberry_Pi/Pico_SDK_v1.5.1/pico-sdk/src/common/pico_sync/critical_section.c.obj
                0x100016ac                critical_section_init
 .text.timer_pool_entry_comparator
                0x100016cc       0x34 CMakeFiles/pico-m8-keyboard.dir/C_/Program_Files/Raspberry_Pi/Pico_SDK_v1.5.1/pico-sdk/src/common/pico_time/time.c.obj
                0x100016cc                timer_pool_entry_comparator
 .text.sleep_until_callback
                0x10001700       0x30 CMakeFiles/pico-m8-keyboard.dir/C_/Program_Files/Raspberry_Pi/Pico_SDK_v1.5.1/pico-sdk/src/common/pico_time/time.c.obj
 .text.add_alarm_under_lock.isra.0
                0x10001730      0x100 CMakeFiles/pico-m8-keyboard.dir/C_/Program_Files/Raspberry_Pi/Pico_SDK_v1.5.1/pico-sdk/src/common/pico_time/time.c.obj
 .text.alarm_pool_alarm_callback
                0x10001830      0x1bc CMakeFiles/pico-m8-keyboard.dir/C_/Program_Files/Raspberry_Pi/Pico_SDK_v1.5.1/pico-sdk/src/common/pico_time/time.c.obj
 .text.alarm_pool_init_default
                0x100019ec       0x6c CMakeFiles/pico-m8-keyboard.dir/C_/Program_Files/Raspberry_Pi/Pico_SDK_v1.5.1/pico-sdk/src/common/pico_time/time.c.obj
                0x100019ec                alarm_pool_init_default
 .text.alarm_pool_add_alarm_at
                0x10001a58      0x178 CMakeFiles/pico-m8-keyboard.dir/C_/Program_Files/Raspberry_Pi/Pico_SDK_v1.5.1/pico-sdk/src/common/pico_time/time.c.obj
                0x10001a58                alarm_pool_add_alarm_at
 .text.sleep_until
                0x10001bd0       0xc4 CMakeFiles/pico-m8-keyboard.dir/C_/Program_Files/Raspberry_Pi/Pico_SDK_v1.5.1/pico-sdk/src/common/pico_time/time.c.obj
                0x10001bd0                sleep_until
 .text.sleep_ms
                0x10001c94       0x34 CMakeFiles/pico-m8-keyboard.dir/C_/Program_Files/Raspberry_Pi/Pico_SDK_v1.5.1/pico-sdk/src/common/pico_time/time.c.obj
                0x10001c94                sleep_ms
 .text.best_effort_wfe_or_timeout
                0x10001cc8       0xd4 CMakeFiles/pico-m8-keyboard.dir/C_/Program_Files/Raspberry_Pi/Pico_SDK_v1.5.1/pico-sdk/src/common/pico_time/time.c.obj
                0x10001cc8                best_effort_wfe_or_timeout
 .text.hardware_alarm_irq_handler
                0x10001d9c       0xbc CMakeFiles/pico-m8-keyboard.dir/C_/Program_Files/Raspberry_Pi/Pico_SDK_v1.5.1/pico-sdk/src/rp2_common/hardware_timer/timer.c.obj
 .text.hardware_alarm_claim
                0x10001e58       0x18 CMakeFiles/pico-m8-keyboard.dir/C_/Program_Files/Raspberry_Pi/Pico_SDK_v1.5.1/pico-sdk/src/rp2_common/hardware_timer/timer.c.obj
                0x10001e58                hardware_alarm_claim
 .text.time_us_64
                0x10001e70       0x14 CMakeFiles/pico-m8-keyboard.dir/C_/Program_Files/Raspberry_Pi/Pico_SDK_v1.5.1/pico-sdk/src/rp2_common/hardware_timer/timer.c.obj
                0x10001e70                time_us_64
 .text.busy_wait_us
                0x10001e84       0x54 CMakeFiles/pico-m8-keyboard.dir/C_/Program_Files/Raspberry_Pi/Pico_SDK_v1.5.1/pico-sdk/src/rp2_common/hardware_timer/timer.c.obj
                0x10001e84                busy_wait_us
 .text.busy_wait_until
                0x10001ed8       0x20 CMakeFiles/pico-m8-keyboard.dir/C_/Program_Files/Raspberry_Pi/Pico_SDK_v1.5.1/pico-sdk/src/rp2_common/hardware_timer/timer.c.obj
                0x10001ed8                busy_wait_until
 .text.hardware_alarm_set_callback
                0x10001ef8       0x8c CMakeFiles/pico-m8-keyboard.dir/C_/Program_Files/Raspberry_Pi/Pico_SDK_v1.5.1/pico-sdk/src/rp2_common/hardware_timer/timer.c.obj
                0x10001ef8                hardware_alarm_set_callback
 .text.hardware_alarm_set_target
                0x10001f84       0xd4 CMakeFiles/pico-m8-keyboard.dir/C_/Program_Files/Raspberry_Pi/Pico_SDK_v1.5.1/pico-sdk/src/rp2_common/hardware_timer/timer.c.obj
                0x10001f84                hardware_alarm_set_target
 .text.hardware_alarm_cancel
                0x10002058       0x3c CMakeFiles/pico-m8-keyboard.dir/C_/Program_Files/Raspberry_Pi/Pico_SDK_v1.5.1/pico-sdk/src/rp2_common/hardware_timer/timer.c.obj
                0x10002058                hardware_alarm_cancel
 .text.ph_merge_nodes
                0x10002094       0x68 CMakeFiles/pico-m8-keyboard.dir/C_/Program_Files/Raspberry_Pi/Pico_SDK_v1.5.1/pico-sdk/src/common/pico_util/pheap.c.obj
 .text.ph_post_alloc_init
                0x100020fc       0x3c CMakeFiles/pico-m8-keyboard.dir/C_/Program_Files/Raspberry_Pi/Pico_SDK_v1.5.1/pico-sdk/src/common/pico_util/pheap.c.obj
                0x100020fc                ph_post_alloc_init
 .text.ph_merge_two_pass
                0x10002138       0x90 CMakeFiles/pico-m8-keyboard.dir/C_/Program_Files/Raspberry_Pi/Pico_SDK_v1.5.1/pico-sdk/src/common/pico_util/pheap.c.obj
                0x10002138                ph_merge_two_pass
 .text.ph_remove_any_head
                0x100021c8      0x100 CMakeFiles/pico-m8-keyboard.dir/C_/Program_Files/Raspberry_Pi/Pico_SDK_v1.5.1/pico-sdk/src/common/pico_util/pheap.c.obj
 .text.ph_remove_head
                0x100022c8      0x104 CMakeFiles/pico-m8-keyboard.dir/C_/Program_Files/Raspberry_Pi/Pico_SDK_v1.5.1/pico-sdk/src/common/pico_util/pheap.c.obj
                0x100022c8                ph_remove_head
 .text.ph_remove_and_free_node
                0x100023cc       0x7c CMakeFiles/pico-m8-keyboard.dir/C_/Program_Files/Raspberry_Pi/Pico_SDK_v1.5.1/pico-sdk/src/common/pico_util/pheap.c.obj
                0x100023cc                ph_remove_and_free_node
 .text.uart_init
                0x10002448      0x188 CMakeFiles/pico-m8-keyboard.dir/C_/Program_Files/Raspberry_Pi/Pico_SDK_v1.5.1/pico-sdk/src/rp2_common/hardware_uart/uart.c.obj
                0x10002448                uart_init
 .text.clocks_init
                0x100025d0      0x2d0 CMakeFiles/pico-m8-keyboard.dir/C_/Program_Files/Raspberry_Pi/Pico_SDK_v1.5.1/pico-sdk/src/rp2_common/hardware_clocks/clocks.c.obj
                0x100025d0                clocks_init
 .text.clock_get_hz
                0x100028a0        0xc CMakeFiles/pico-m8-keyboard.dir/C_/Program_Files/Raspberry_Pi/Pico_SDK_v1.5.1/pico-sdk/src/rp2_common/hardware_clocks/clocks.c.obj
                0x100028a0                clock_get_hz
 .text.pll_init
                0x100028ac       0xa0 CMakeFiles/pico-m8-keyboard.dir/C_/Program_Files/Raspberry_Pi/Pico_SDK_v1.5.1/pico-sdk/src/rp2_common/hardware_pll/pll.c.obj
                0x100028ac                pll_init
 .text.watchdog_start_tick
                0x1000294c       0x10 CMakeFiles/pico-m8-keyboard.dir/C_/Program_Files/Raspberry_Pi/Pico_SDK_v1.5.1/pico-sdk/src/rp2_common/hardware_watchdog/watchdog.c.obj
                0x1000294c                watchdog_start_tick
 .text.xosc_init
                0x1000295c       0x28 CMakeFiles/pico-m8-keyboard.dir/C_/Program_Files/Raspberry_Pi/Pico_SDK_v1.5.1/pico-sdk/src/rp2_common/hardware_xosc/xosc.c.obj
                0x1000295c                xosc_init
 .text.runtime_init
                0x10002984       0xf0 CMakeFiles/pico-m8-keyboard.dir/C_/Program_Files/Raspberry_Pi/Pico_SDK_v1.5.1/pico-sdk/src/rp2_common/pico_runtime/runtime.c.obj
                0x10002984                runtime_init
 .text._exit    0x10002a74        0x4 CMakeFiles/pico-m8-keyboard.dir/C_/Program_Files/Raspberry_Pi/Pico_SDK_v1.5.1/pico-sdk/src/rp2_common/pico_runtime/runtime.c.obj
                0x10002a74                _exit
 .text.exit     0x10002a78        0x8 CMakeFiles/pico-m8-keyboard.dir/C_/Program_Files/Raspberry_Pi/Pico_SDK_v1.5.1/pico-sdk/src/rp2_common/pico_runtime/runtime.c.obj
                0x10002a78                exit
 .text.panic    0x10002a80       0x30 CMakeFiles/pico-m8-keyboard.dir/C_/Program_Files/Raspberry_Pi/Pico_SDK_v1.5.1/pico-sdk/src/rp2_common/pico_runtime/runtime.c.obj
                0x10002a80                panic
 .text.hard_assertion_failure
                0x10002ab0        0xc CMakeFiles/pico-m8-keyboard.dir/C_/Program_Files/Raspberry_Pi/Pico_SDK_v1.5.1/pico-sdk/src/rp2_common/pico_runtime/runtime.c.obj
                0x10002ab0                hard_assertion_failure
 .text._out_char
                0x10002abc       0x10 CMakeFiles/pico-m8-keyboard.dir/C_/Program_Files/Raspberry_Pi/Pico_SDK_v1.5.1/pico-sdk/src/rp2_common/pico_printf/printf.c.obj
 .text.weak_raw_vprintf
                0x10002acc       0x30 CMakeFiles/pico-m8-keyboard.dir/C_/Program_Files/Raspberry_Pi/Pico_SDK_v1.5.1/pico-sdk/src/rp2_common/pico_printf/printf.c.obj
                0x10002acc                weak_raw_vprintf
 .text          0x10002afc       0x10 CMakeFiles/pico-m8-keyboard.dir/C_/Program_Files/Raspberry_Pi/Pico_SDK_v1.5.1/pico-sdk/src/rp2_common/pico_bit_ops/bit_ops_aeabi.S.obj
 .text.rom_func_lookup
                0x10002b0c       0x10 CMakeFiles/pico-m8-keyboard.dir/C_/Program_Files/Raspberry_Pi/Pico_SDK_v1.5.1/pico-sdk/src/rp2_common/pico_bootrom/bootrom.c.obj
                0x10002b0c                rom_func_lookup
 .text.rom_data_lookup
                0x10002b1c       0x10 CMakeFiles/pico-m8-keyboard.dir/C_/Program_Files/Raspberry_Pi/Pico_SDK_v1.5.1/pico-sdk/src/rp2_common/pico_bootrom/bootrom.c.obj
                0x10002b1c                rom_data_lookup
 .text.rom_funcs_lookup
                0x10002b2c       0x44 CMakeFiles/pico-m8-keyboard.dir/C_/Program_Files/Raspberry_Pi/Pico_SDK_v1.5.1/pico-sdk/src/rp2_common/pico_bootrom/bootrom.c.obj
                0x10002b2c                rom_funcs_lookup
 .text.__wrap___aeabi_uidiv
                0x10002b70       0x4c CMakeFiles/pico-m8-keyboard.dir/C_/Program_Files/Raspberry_Pi/Pico_SDK_v1.5.1/pico-sdk/src/rp2_common/pico_divider/divider.S.obj
                0x10002b70                __wrap___aeabi_uidiv
                0x10002b70                __wrap___aeabi_uidivmod
                0x10002b70                div_u32u32
                0x10002b70                divmod_u32u32
                0x10002b78                divmod_u32u32_unsafe
                0x10002ba0                divmod_u32u32_savestate
 .text.__wrap___aeabi_ldiv
                0x10002bbc      0x424 CMakeFiles/pico-m8-keyboard.dir/C_/Program_Files/Raspberry_Pi/Pico_SDK_v1.5.1/pico-sdk/src/rp2_common/pico_divider/divider.S.obj
                0x10002bbc                div_s64s64
                0x10002bbc                divmod_s64s64
                0x10002bbc                __wrap___aeabi_ldivmod
                0x10002bec                divmod_u64u64
                0x10002bec                div_u64u64
                0x10002bec                __wrap___aeabi_uldivmod
                0x10002bfc                divmod_u64u64_savestate
                0x10002c1c                divmod_s64s64_unsafe
                0x10002ca4                divmod_u64u64_unsafe
 .text.__aeabi_double_init
                0x10002fe0       0x94 CMakeFiles/pico-m8-keyboard.dir/C_/Program_Files/Raspberry_Pi/Pico_SDK_v1.5.1/pico-sdk/src/rp2_common/pico_double/double_init_rom.c.obj
                0x10002fe0                __aeabi_double_init
 .text.double_table_shim_on_use_helper
                0x10003074       0x2c CMakeFiles/pico-m8-keyboard.dir/C_/Program_Files/Raspberry_Pi/Pico_SDK_v1.5.1/pico-sdk/src/rp2_common/pico_double/double_v1_rom_shim.S.obj
                0x10003074                double_table_shim_on_use_helper
 .text.__aeabi_lmul
                0x100030a0       0x32 CMakeFiles/pico-m8-keyboard.dir/C_/Program_Files/Raspberry_Pi/Pico_SDK_v1.5.1/pico-sdk/src/rp2_common/pico_int64_ops/pico_int64_ops_aeabi.S.obj
                0x100030a0                __wrap___aeabi_lmul
 *fill*         0x100030d2        0x2 
 .text.__aeabi_float_init
                0x100030d4       0x64 CMakeFiles/pico-m8-keyboard.dir/C_/Program_Files/Raspberry_Pi/Pico_SDK_v1.5.1/pico-sdk/src/rp2_common/pico_float/float_init_rom.c.obj
                0x100030d4                __aeabi_float_init
 .text.float_table_shim_on_use_helper
                0x10003138       0x2c CMakeFiles/pico-m8-keyboard.dir/C_/Program_Files/Raspberry_Pi/Pico_SDK_v1.5.1/pico-sdk/src/rp2_common/pico_float/float_v1_rom_shim.S.obj
                0x10003138                float_table_shim_on_use_helper
 .text          0x10003164       0x10 CMakeFiles/pico-m8-keyboard.dir/C_/Program_Files/Raspberry_Pi/Pico_SDK_v1.5.1/pico-sdk/src/rp2_common/pico_mem_ops/mem_ops_aeabi.S.obj
                0x10003164                __aeabi_mem_init
 .text.memset   0x10003174        0xc CMakeFiles/pico-m8-keyboard.dir/C_/Program_Files/Raspberry_Pi/Pico_SDK_v1.5.1/pico-sdk/src/rp2_common/pico_mem_ops/mem_ops_aeabi.S.obj
                0x10003174                __wrap_memset
 .text.memcpy   0x10003180        0xc CMakeFiles/pico-m8-keyboard.dir/C_/Program_Files/Raspberry_Pi/Pico_SDK_v1.5.1/pico-sdk/src/rp2_common/pico_mem_ops/mem_ops_aeabi.S.obj
                0x10003180                __wrap_memcpy
                0x10003180                __wrap___aeabi_memcpy
 .text.stdio_out_chars_no_crlf
                0x1000318c       0x10 CMakeFiles/pico-m8-keyboard.dir/C_/Program_Files/Raspberry_Pi/Pico_SDK_v1.5.1/pico-sdk/src/rp2_common/pico_stdio/stdio.c.obj
 .text.stdio_out_chars_crlf
                0x1000319c       0xb4 CMakeFiles/pico-m8-keyboard.dir/C_/Program_Files/Raspberry_Pi/Pico_SDK_v1.5.1/pico-sdk/src/rp2_common/pico_stdio/stdio.c.obj
 .text.stdio_put_string.isra.0
                0x10003250       0xfc CMakeFiles/pico-m8-keyboard.dir/C_/Program_Files/Raspberry_Pi/Pico_SDK_v1.5.1/pico-sdk/src/rp2_common/pico_stdio/stdio.c.obj
 .text.__wrap_putchar
                0x1000334c       0x98 CMakeFiles/pico-m8-keyboard.dir/C_/Program_Files/Raspberry_Pi/Pico_SDK_v1.5.1/pico-sdk/src/rp2_common/pico_stdio/stdio.c.obj
                0x1000334c                __wrap_putchar
 .text.__wrap_puts
                0x100033e4       0x3c CMakeFiles/pico-m8-keyboard.dir/C_/Program_Files/Raspberry_Pi/Pico_SDK_v1.5.1/pico-sdk/src/rp2_common/pico_stdio/stdio.c.obj
                0x100033e4                __wrap_puts
 .text.stdio_set_driver_enabled
                0x10003420       0x30 CMakeFiles/pico-m8-keyboard.dir/C_/Program_Files/Raspberry_Pi/Pico_SDK_v1.5.1/pico-sdk/src/rp2_common/pico_stdio/stdio.c.obj
                0x10003420                stdio_set_driver_enabled
 .text.stdio_uart_out_chars
                0x10003450       0x4c CMakeFiles/pico-m8-keyboard.dir/C_/Program_Files/Raspberry_Pi/Pico_SDK_v1.5.1/pico-sdk/src/rp2_common/pico_stdio_uart/stdio_uart.c.obj
 .text.stdio_uart_in_chars
                0x1000349c       0x84 CMakeFiles/pico-m8-keyboard.dir/C_/Program_Files/Raspberry_Pi/Pico_SDK_v1.5.1/pico-sdk/src/rp2_common/pico_stdio_uart/stdio_uart.c.obj
                0x1000349c                stdio_uart_in_chars
 .text.on_uart_rx
                0x10003520       0x28 CMakeFiles/pico-m8-keyboard.dir/C_/Program_Files/Raspberry_Pi/Pico_SDK_v1.5.1/pico-sdk/src/rp2_common/pico_stdio_uart/stdio_uart.c.obj
 .text.stdio_uart_set_chars_available_callback
                0x10003548       0x8c CMakeFiles/pico-m8-keyboard.dir/C_/Program_Files/Raspberry_Pi/Pico_SDK_v1.5.1/pico-sdk/src/rp2_common/pico_stdio_uart/stdio_uart.c.obj
 .text.stdio_uart_init_full
                0x100035d4       0x3c CMakeFiles/pico-m8-keyboard.dir/C_/Program_Files/Raspberry_Pi/Pico_SDK_v1.5.1/pico-sdk/src/rp2_common/pico_stdio_uart/stdio_uart.c.obj
                0x100035d4                stdio_uart_init_full
 .text.startup._retrieve_unique_id_on_boot
                0x10003610       0x10 CMakeFiles/pico-m8-keyboard.dir/C_/Program_Files/Raspberry_Pi/Pico_SDK_v1.5.1/pico-sdk/src/rp2_common/pico_unique_id/unique_id.c.obj
 .text.pico_get_unique_board_id
                0x10003620       0x10 CMakeFiles/pico-m8-keyboard.dir/C_/Program_Files/Raspberry_Pi/Pico_SDK_v1.5.1/pico-sdk/src/rp2_common/pico_unique_id/unique_id.c.obj
                0x10003620                pico_get_unique_board_id
 .text.flash_get_unique_id
                0x10003630       0x40 CMakeFiles/pico-m8-keyboard.dir/C_/Program_Files/Raspberry_Pi/Pico_SDK_v1.5.1/pico-sdk/src/rp2_common/hardware_flash/flash.c.obj
                0x10003630                flash_get_unique_id
 .text.dcd_int_enable
                0x10003670        0xc CMakeFiles/pico-m8-keyboard.dir/C_/Program_Files/Raspberry_Pi/Pico_SDK_v1.5.1/pico-sdk/lib/tinyusb/src/portable/raspberrypi/rp2040/dcd_rp2040.c.obj
                0x10003670                dcd_int_enable
 .text.dcd_set_address
                0x1000367c       0x14 CMakeFiles/pico-m8-keyboard.dir/C_/Program_Files/Raspberry_Pi/Pico_SDK_v1.5.1/pico-sdk/lib/tinyusb/src/portable/raspberrypi/rp2040/dcd_rp2040.c.obj
                0x1000367c                dcd_set_address
 .text.dcd_remote_wakeup
                0x10003690       0x18 CMakeFiles/pico-m8-keyboard.dir/C_/Program_Files/Raspberry_Pi/Pico_SDK_v1.5.1/pico-sdk/lib/tinyusb/src/portable/raspberrypi/rp2040/dcd_rp2040.c.obj
                0x10003690                dcd_remote_wakeup
 .text.dcd_connect
                0x100036a8       0x10 CMakeFiles/pico-m8-keyboard.dir/C_/Program_Files/Raspberry_Pi/Pico_SDK_v1.5.1/pico-sdk/lib/tinyusb/src/portable/raspberrypi/rp2040/dcd_rp2040.c.obj
                0x100036a8                dcd_connect
 .text.dcd_init
                0x100036b8       0x98 CMakeFiles/pico-m8-keyboard.dir/C_/Program_Files/Raspberry_Pi/Pico_SDK_v1.5.1/pico-sdk/lib/tinyusb/src/portable/raspberrypi/rp2040/dcd_rp2040.c.obj
                0x100036b8                dcd_init
 .text.dcd_edpt0_status_complete
                0x10003750       0x1c CMakeFiles/pico-m8-keyboard.dir/C_/Program_Files/Raspberry_Pi/Pico_SDK_v1.5.1/pico-sdk/lib/tinyusb/src/portable/raspberrypi/rp2040/dcd_rp2040.c.obj
                0x10003750                dcd_edpt0_status_complete
 .text.dcd_edpt_open
                0x1000376c      0x108 CMakeFiles/pico-m8-keyboard.dir/C_/Program_Files/Raspberry_Pi/Pico_SDK_v1.5.1/pico-sdk/lib/tinyusb/src/portable/raspberrypi/rp2040/dcd_rp2040.c.obj
                0x1000376c                dcd_edpt_open
 .text.dcd_edpt_close_all
                0x10003874        0x8 CMakeFiles/pico-m8-keyboard.dir/C_/Program_Files/Raspberry_Pi/Pico_SDK_v1.5.1/pico-sdk/lib/tinyusb/src/portable/raspberrypi/rp2040/dcd_rp2040.c.obj
                0x10003874                dcd_edpt_close_all
 .text.dcd_edpt_xfer
                0x1000387c       0x24 CMakeFiles/pico-m8-keyboard.dir/C_/Program_Files/Raspberry_Pi/Pico_SDK_v1.5.1/pico-sdk/lib/tinyusb/src/portable/raspberrypi/rp2040/dcd_rp2040.c.obj
                0x1000387c                dcd_edpt_xfer
 .text.dcd_edpt_stall
                0x100038a0       0x38 CMakeFiles/pico-m8-keyboard.dir/C_/Program_Files/Raspberry_Pi/Pico_SDK_v1.5.1/pico-sdk/lib/tinyusb/src/portable/raspberrypi/rp2040/dcd_rp2040.c.obj
                0x100038a0                dcd_edpt_stall
 .text.dcd_edpt_clear_stall
                0x100038d8       0x30 CMakeFiles/pico-m8-keyboard.dir/C_/Program_Files/Raspberry_Pi/Pico_SDK_v1.5.1/pico-sdk/lib/tinyusb/src/portable/raspberrypi/rp2040/dcd_rp2040.c.obj
                0x100038d8                dcd_edpt_clear_stall
 .text.rp2040_usb_init
                0x10003908       0x4c CMakeFiles/pico-m8-keyboard.dir/C_/Program_Files/Raspberry_Pi/Pico_SDK_v1.5.1/pico-sdk/lib/tinyusb/src/portable/raspberrypi/rp2040/rp2040_usb.c.obj
                0x10003908                rp2040_usb_init
 .text.hw_endpoint_xfer_start
                0x10003954       0x50 CMakeFiles/pico-m8-keyboard.dir/C_/Program_Files/Raspberry_Pi/Pico_SDK_v1.5.1/pico-sdk/lib/tinyusb/src/portable/raspberrypi/rp2040/rp2040_usb.c.obj
                0x10003954                hw_endpoint_xfer_start
 .text.tud_mounted
                0x100039a4       0x10 CMakeFiles/pico-m8-keyboard.dir/C_/Program_Files/Raspberry_Pi/Pico_SDK_v1.5.1/pico-sdk/lib/tinyusb/src/device/usbd.c.obj
                0x100039a4                tud_mounted
 .text.tud_suspended
                0x100039b4       0x10 CMakeFiles/pico-m8-keyboard.dir/C_/Program_Files/Raspberry_Pi/Pico_SDK_v1.5.1/pico-sdk/lib/tinyusb/src/device/usbd.c.obj
                0x100039b4                tud_suspended
 .text.tud_remote_wakeup
                0x100039c4       0x30 CMakeFiles/pico-m8-keyboard.dir/C_/Program_Files/Raspberry_Pi/Pico_SDK_v1.5.1/pico-sdk/lib/tinyusb/src/device/usbd.c.obj
                0x100039c4                tud_remote_wakeup
 .text.tud_inited
                0x100039f4       0x14 CMakeFiles/pico-m8-keyboard.dir/C_/Program_Files/Raspberry_Pi/Pico_SDK_v1.5.1/pico-sdk/lib/tinyusb/src/device/usbd.c.obj
                0x100039f4                tud_inited
 .text.tud_init
                0x10003a08       0xe4 CMakeFiles/pico-m8-keyboard.dir/C_/Program_Files/Raspberry_Pi/Pico_SDK_v1.5.1/pico-sdk/lib/tinyusb/src/device/usbd.c.obj
                0x10003a08                tud_init
 .text.tud_task_ext
                0x10003aec      0x870 CMakeFiles/pico-m8-keyboard.dir/C_/Program_Files/Raspberry_Pi/Pico_SDK_v1.5.1/pico-sdk/lib/tinyusb/src/device/usbd.c.obj
                0x10003aec                tud_task_ext
 .text.usbd_open_edpt_pair
                0x1000435c       0x9c CMakeFiles/pico-m8-keyboard.dir/C_/Program_Files/Raspberry_Pi/Pico_SDK_v1.5.1/pico-sdk/lib/tinyusb/src/device/usbd.c.obj
                0x1000435c                usbd_open_edpt_pair
 .text.usbd_edpt_claim
                0x100043f8       0x28 CMakeFiles/pico-m8-keyboard.dir/C_/Program_Files/Raspberry_Pi/Pico_SDK_v1.5.1/pico-sdk/lib/tinyusb/src/device/usbd.c.obj
                0x100043f8                usbd_edpt_claim
 .text.usbd_edpt_xfer
                0x10004420       0x4c CMakeFiles/pico-m8-keyboard.dir/C_/Program_Files/Raspberry_Pi/Pico_SDK_v1.5.1/pico-sdk/lib/tinyusb/src/device/usbd.c.obj
                0x10004420                usbd_edpt_xfer
 .text.usbd_edpt_busy
                0x1000446c       0x1c CMakeFiles/pico-m8-keyboard.dir/C_/Program_Files/Raspberry_Pi/Pico_SDK_v1.5.1/pico-sdk/lib/tinyusb/src/device/usbd.c.obj
                0x1000446c                usbd_edpt_busy
 .text.tud_control_status
                0x10004488       0x30 CMakeFiles/pico-m8-keyboard.dir/C_/Program_Files/Raspberry_Pi/Pico_SDK_v1.5.1/pico-sdk/lib/tinyusb/src/device/usbd_control.c.obj
                0x10004488                tud_control_status
 .text.tud_control_xfer
                0x100044b8       0xbc CMakeFiles/pico-m8-keyboard.dir/C_/Program_Files/Raspberry_Pi/Pico_SDK_v1.5.1/pico-sdk/lib/tinyusb/src/device/usbd_control.c.obj
                0x100044b8                tud_control_xfer
 .text.usbd_control_reset
                0x10004574       0x14 CMakeFiles/pico-m8-keyboard.dir/C_/Program_Files/Raspberry_Pi/Pico_SDK_v1.5.1/pico-sdk/lib/tinyusb/src/device/usbd_control.c.obj
                0x10004574                usbd_control_reset
 .text.usbd_control_set_complete_callback
                0x10004588        0xc CMakeFiles/pico-m8-keyboard.dir/C_/Program_Files/Raspberry_Pi/Pico_SDK_v1.5.1/pico-sdk/lib/tinyusb/src/device/usbd_control.c.obj
                0x10004588                usbd_control_set_complete_callback
 .text.usbd_control_set_request
                0x10004594       0x1c CMakeFiles/pico-m8-keyboard.dir/C_/Program_Files/Raspberry_Pi/Pico_SDK_v1.5.1/pico-sdk/lib/tinyusb/src/device/usbd_control.c.obj
                0x10004594                usbd_control_set_request
 .text.usbd_control_xfer_cb
                0x100045b0       0xfc CMakeFiles/pico-m8-keyboard.dir/C_/Program_Files/Raspberry_Pi/Pico_SDK_v1.5.1/pico-sdk/lib/tinyusb/src/device/usbd_control.c.obj
                0x100045b0                usbd_control_xfer_cb
 .text.tud_hid_n_ready
                0x100046ac       0x38 CMakeFiles/pico-m8-keyboard.dir/C_/Program_Files/Raspberry_Pi/Pico_SDK_v1.5.1/pico-sdk/lib/tinyusb/src/class/hid/hid_device.c.obj
                0x100046ac                tud_hid_n_ready
 .text.tud_hid_n_keyboard_report
                0x100046e4       0x8c CMakeFiles/pico-m8-keyboard.dir/C_/Program_Files/Raspberry_Pi/Pico_SDK_v1.5.1/pico-sdk/lib/tinyusb/src/class/hid/hid_device.c.obj
                0x100046e4                tud_hid_n_keyboard_report
 .text.hidd_init
                0x10004770       0x14 CMakeFiles/pico-m8-keyboard.dir/C_/Program_Files/Raspberry_Pi/Pico_SDK_v1.5.1/pico-sdk/lib/tinyusb/src/class/hid/hid_device.c.obj
                0x10004770                hidd_init
 .text.hidd_reset
                0x10004784       0x14 CMakeFiles/pico-m8-keyboard.dir/C_/Program_Files/Raspberry_Pi/Pico_SDK_v1.5.1/pico-sdk/lib/tinyusb/src/class/hid/hid_device.c.obj
                0x10004784                hidd_reset
 .text.hidd_open
                0x10004798       0x8c CMakeFiles/pico-m8-keyboard.dir/C_/Program_Files/Raspberry_Pi/Pico_SDK_v1.5.1/pico-sdk/lib/tinyusb/src/class/hid/hid_device.c.obj
                0x10004798                hidd_open
 .text.hidd_control_xfer_cb
                0x10004824      0x1a8 CMakeFiles/pico-m8-keyboard.dir/C_/Program_Files/Raspberry_Pi/Pico_SDK_v1.5.1/pico-sdk/lib/tinyusb/src/class/hid/hid_device.c.obj
                0x10004824                hidd_control_xfer_cb
 .text.hidd_xfer_cb
                0x100049cc       0x64 CMakeFiles/pico-m8-keyboard.dir/C_/Program_Files/Raspberry_Pi/Pico_SDK_v1.5.1/pico-sdk/lib/tinyusb/src/class/hid/hid_device.c.obj
                0x100049cc                hidd_xfer_cb
 .text.tusb_inited
                0x10004a30        0x8 CMakeFiles/pico-m8-keyboard.dir/C_/Program_Files/Raspberry_Pi/Pico_SDK_v1.5.1/pico-sdk/lib/tinyusb/src/tusb.c.obj
                0x10004a30                tusb_inited
 .text.tu_edpt_claim
                0x10004a38       0x50 CMakeFiles/pico-m8-keyboard.dir/C_/Program_Files/Raspberry_Pi/Pico_SDK_v1.5.1/pico-sdk/lib/tinyusb/src/tusb.c.obj
                0x10004a38                tu_edpt_claim
 .text.tu_edpt_validate
                0x10004a88       0x78 CMakeFiles/pico-m8-keyboard.dir/C_/Program_Files/Raspberry_Pi/Pico_SDK_v1.5.1/pico-sdk/lib/tinyusb/src/tusb.c.obj
                0x10004a88                tu_edpt_validate
 .text.tu_edpt_bind_driver
                0x10004b00       0x34 CMakeFiles/pico-m8-keyboard.dir/C_/Program_Files/Raspberry_Pi/Pico_SDK_v1.5.1/pico-sdk/lib/tinyusb/src/tusb.c.obj
                0x10004b00                tu_edpt_bind_driver
 .text.tu_fifo_read
                0x10004b34       0xa0 CMakeFiles/pico-m8-keyboard.dir/C_/Program_Files/Raspberry_Pi/Pico_SDK_v1.5.1/pico-sdk/lib/tinyusb/src/common/tusb_fifo.c.obj
                0x10004b34                tu_fifo_read
 .text.tu_fifo_write
                0x10004bd4       0x88 CMakeFiles/pico-m8-keyboard.dir/C_/Program_Files/Raspberry_Pi/Pico_SDK_v1.5.1/pico-sdk/lib/tinyusb/src/common/tusb_fifo.c.obj
                0x10004bd4                tu_fifo_write
 .text.tu_fifo_clear
                0x10004c5c       0x40 CMakeFiles/pico-m8-keyboard.dir/C_/Program_Files/Raspberry_Pi/Pico_SDK_v1.5.1/pico-sdk/lib/tinyusb/src/common/tusb_fifo.c.obj
                0x10004c5c                tu_fifo_clear
 .text.board_init
                0x10004c9c       0x30 CMakeFiles/pico-m8-keyboard.dir/C_/Program_Files/Raspberry_Pi/Pico_SDK_v1.5.1/pico-sdk/lib/tinyusb/hw/bsp/rp2040/family.c.obj
                0x10004c9c                board_init
 .text.strlen   0x10004ccc       0x5c c:/progra~1/raspbe~1/picosd~1.1/gcc-ar~1/bin/../lib/gcc/arm-none-eabi/10.3.1/../../../../arm-none-eabi/lib/thumb/v6-m/nofp\libc.a(lib_a-strlen-stub.o)
                0x10004ccc                strlen
 *(.fini)
 .fini          0x10004d28        0x4 c:/progra~1/raspbe~1/picosd~1.1/gcc-ar~1/bin/../lib/gcc/arm-none-eabi/10.3.1/thumb/v6-m/nofp/crti.o
                0x10004d28                _fini
 *fill*         0x10004d2c        0x4 
 .fini.__stub   0x10004d30       0xd0 linker stubs
 *crtbegin.o(.ctors)
 *crtbegin?.o(.ctors)
 *(EXCLUDE_FILE(*crtend.o *crtend?.o) .ctors)
 *(SORT_BY_NAME(.ctors.*))
 *(.ctors)
 *crtbegin.o(.dtors)
 *crtbegin?.o(.dtors)
 *(EXCLUDE_FILE(*crtend.o *crtend?.o) .dtors)
 *(SORT_BY_NAME(.dtors.*))
 *(.dtors)
 *(.eh_frame*)
 .eh_frame      0x10004e00        0x0 c:/progra~1/raspbe~1/picosd~1.1/gcc-ar~1/bin/../lib/gcc/arm-none-eabi/10.3.1/thumb/v6-m/nofp/crtbegin.o
                0x10004e00                . = ALIGN (0x4)

.glue_7         0x10004e00        0x0
 .glue_7        0x10004e00        0x0 linker stubs

.glue_7t        0x10004e00        0x0
 .glue_7t       0x10004e00        0x0 linker stubs

.vfp11_veneer   0x10004e00        0x0
 .vfp11_veneer  0x10004e00        0x0 linker stubs

.v4_bx          0x10004e00        0x0
 .v4_bx         0x10004e00        0x0 linker stubs

.iplt           0x10004e00        0x0
 .iplt          0x10004e00        0x0 c:/progra~1/raspbe~1/picosd~1.1/gcc-ar~1/bin/../lib/gcc/arm-none-eabi/10.3.1/thumb/v6-m/nofp/crtbegin.o

.rodata         0x10004e00      0x420
 *(EXCLUDE_FILE(*libm.a: *libc.a:*lib_a-mem*.o *libgcc.a:) .rodata*)
 .rodata.str1.4
                0x10004e00       0x2e CMakeFiles/pico-m8-keyboard.dir/pico-m8-keyboard.cpp.obj
 *fill*         0x10004e2e        0x2 
 .rodata._ZL8keys_map
                0x10004e30       0x10 CMakeFiles/pico-m8-keyboard.dir/pico-m8-keyboard.cpp.obj
 .rodata._ZZ4mainE7__bi_70
                0x10004e40        0xc CMakeFiles/pico-m8-keyboard.dir/pico-m8-keyboard.cpp.obj
 .rodata._ZZ4mainE7__bi_71
                0x10004e4c        0xc CMakeFiles/pico-m8-keyboard.dir/pico-m8-keyboard.cpp.obj
 .rodata._ZL15desc_hid_report
                0x10004e58       0x92 CMakeFiles/pico-m8-keyboard.dir/TinyUSB_Mouse_and_Keyboard/TinyUSB_Mouse_and_Keyboard.cpp.obj
 *fill*         0x10004eea        0x2 
 .rodata._ZL9_asciimap
                0x10004eec       0x80 CMakeFiles/pico-m8-keyboard.dir/TinyUSB_Mouse_and_Keyboard/TinyUSB_Mouse_and_Keyboard.cpp.obj
 .rodata._ZTV13TinyKeyboard_
                0x10004f6c       0x18 CMakeFiles/pico-m8-keyboard.dir/TinyUSB_Mouse_and_Keyboard/TinyUSB_Mouse_and_Keyboard.cpp.obj
                0x10004f6c                vtable for TinyKeyboard_
 .rodata._ZTV17Adafruit_USBD_HID
                0x10004f84        0xc CMakeFiles/pico-m8-keyboard.dir/Adafruit_TinyUSB_Arduino/src/arduino/hid/Adafruit_USBD_HID.cpp.obj
                0x10004f84                vtable for Adafruit_USBD_HID
 .rodata._ZN20Adafruit_USBD_Device18clearConfigurationEv.str1.4
                0x10004f90       0x1c CMakeFiles/pico-m8-keyboard.dir/Adafruit_TinyUSB_Arduino/src/arduino/Adafruit_USBD_Device.cpp.obj
 .rodata._ZN20Adafruit_USBD_Device19getSerialDescriptorEPt.str1.4
                0x10004fac       0x11 CMakeFiles/pico-m8-keyboard.dir/Adafruit_TinyUSB_Arduino/src/arduino/Adafruit_USBD_Device.cpp.obj
 *fill*         0x10004fbd        0x3 
 .rodata        0x10004fc0       0x1d CMakeFiles/pico-m8-keyboard.dir/Adafruit_TinyUSB_Arduino/src/arduino/Adafruit_USBD_Device.cpp.obj
 *fill*         0x10004fdd        0x3 
 .rodata.spin_lock_claim_unused.str1.4
                0x10004fe0       0x1b CMakeFiles/pico-m8-keyboard.dir/C_/Program_Files/Raspberry_Pi/Pico_SDK_v1.5.1/pico-sdk/src/rp2_common/hardware_sync/sync.c.obj
 *fill*         0x10004ffb        0x1 
 .rodata.user_irq_claim_unused.str1.4
                0x10004ffc       0x1b CMakeFiles/pico-m8-keyboard.dir/C_/Program_Files/Raspberry_Pi/Pico_SDK_v1.5.1/pico-sdk/src/rp2_common/hardware_irq/irq.c.obj
 *fill*         0x10005017        0x1 
 .rodata.hardware_alarm_claim.str1.4
                0x10005018       0x22 CMakeFiles/pico-m8-keyboard.dir/C_/Program_Files/Raspberry_Pi/Pico_SDK_v1.5.1/pico-sdk/src/rp2_common/hardware_timer/timer.c.obj
 *fill*         0x1000503a        0x2 
 .rodata.panic.str1.4
                0x1000503c       0x12 CMakeFiles/pico-m8-keyboard.dir/C_/Program_Files/Raspberry_Pi/Pico_SDK_v1.5.1/pico-sdk/src/rp2_common/pico_runtime/runtime.c.obj
 *fill*         0x1000504e        0x2 
 .rodata.hard_assertion_failure.str1.4
                0x10005050        0xc CMakeFiles/pico-m8-keyboard.dir/C_/Program_Files/Raspberry_Pi/Pico_SDK_v1.5.1/pico-sdk/src/rp2_common/pico_runtime/runtime.c.obj
 .rodata.str1.4
                0x1000505c       0x48 CMakeFiles/pico-m8-keyboard.dir/C_/Program_Files/Raspberry_Pi/Pico_SDK_v1.5.1/pico-sdk/src/rp2_common/pico_standard_link/binary_info.c.obj
 .rodata.__bi_44
                0x100050a4        0xc CMakeFiles/pico-m8-keyboard.dir/C_/Program_Files/Raspberry_Pi/Pico_SDK_v1.5.1/pico-sdk/src/rp2_common/pico_standard_link/binary_info.c.obj
 .rodata.__bi_75
                0x100050b0        0xc CMakeFiles/pico-m8-keyboard.dir/C_/Program_Files/Raspberry_Pi/Pico_SDK_v1.5.1/pico-sdk/src/rp2_common/pico_standard_link/binary_info.c.obj
 .rodata.__bi_81
                0x100050bc        0xc CMakeFiles/pico-m8-keyboard.dir/C_/Program_Files/Raspberry_Pi/Pico_SDK_v1.5.1/pico-sdk/src/rp2_common/pico_standard_link/binary_info.c.obj
 .rodata.crlf_str.0
                0x100050c8        0x2 CMakeFiles/pico-m8-keyboard.dir/C_/Program_Files/Raspberry_Pi/Pico_SDK_v1.5.1/pico-sdk/src/rp2_common/pico_stdio/stdio.c.obj
 *fill*         0x100050ca        0x2 
 .rodata.str1.4
                0x100050cc       0x14 CMakeFiles/pico-m8-keyboard.dir/C_/Program_Files/Raspberry_Pi/Pico_SDK_v1.5.1/pico-sdk/lib/tinyusb/src/portable/raspberrypi/rp2040/dcd_rp2040.c.obj
 .rodata.str1.4
                0x100050e0       0x53 CMakeFiles/pico-m8-keyboard.dir/C_/Program_Files/Raspberry_Pi/Pico_SDK_v1.5.1/pico-sdk/lib/tinyusb/src/portable/raspberrypi/rp2040/rp2040_usb.c.obj
 *fill*         0x10005133        0x1 
 .rodata.tud_task_ext
                0x10005134       0x8c CMakeFiles/pico-m8-keyboard.dir/C_/Program_Files/Raspberry_Pi/Pico_SDK_v1.5.1/pico-sdk/lib/tinyusb/src/device/usbd.c.obj
 .rodata._usbd_driver
                0x100051c0       0x18 CMakeFiles/pico-m8-keyboard.dir/C_/Program_Files/Raspberry_Pi/Pico_SDK_v1.5.1/pico-sdk/lib/tinyusb/src/device/usbd.c.obj
 .rodata.hidd_control_xfer_cb
                0x100051d8       0x30 CMakeFiles/pico-m8-keyboard.dir/C_/Program_Files/Raspberry_Pi/Pico_SDK_v1.5.1/pico-sdk/lib/tinyusb/src/class/hid/hid_device.c.obj
 .rodata.str1.4
                0x10005208        0x4 CMakeFiles/pico-m8-keyboard.dir/C_/Program_Files/Raspberry_Pi/Pico_SDK_v1.5.1/pico-sdk/lib/tinyusb/hw/bsp/rp2040/family.c.obj
 .rodata.__bi_142.0
                0x1000520c        0xc CMakeFiles/pico-m8-keyboard.dir/C_/Program_Files/Raspberry_Pi/Pico_SDK_v1.5.1/pico-sdk/lib/tinyusb/hw/bsp/rp2040/family.c.obj
 .rodata.__bi_152.1
                0x10005218        0x8 CMakeFiles/pico-m8-keyboard.dir/C_/Program_Files/Raspberry_Pi/Pico_SDK_v1.5.1/pico-sdk/lib/tinyusb/hw/bsp/rp2040/family.c.obj
                0x10005220                . = ALIGN (0x4)
 *(SORT_BY_ALIGNMENT(SORT_BY_NAME(.flashdata*)))
                0x10005220                . = ALIGN (0x4)

.ARM.extab
 *(.ARM.extab* .gnu.linkonce.armextab.*)
                0x10005220                __exidx_start = .

.ARM.exidx
 *(.ARM.exidx* .gnu.linkonce.armexidx.*)
                0x10005220                __exidx_end = .
                0x10005220                . = ALIGN (0x4)
                0x10005220                __binary_info_start = .

.binary_info    0x10005220       0x2c
 *(.binary_info.keep.*)
 .binary_info.keep.__bi_ptr70
                0x10005220        0x4 CMakeFiles/pico-m8-keyboard.dir/pico-m8-keyboard.cpp.obj
 .binary_info.keep.__bi_ptr71
                0x10005224        0x4 CMakeFiles/pico-m8-keyboard.dir/pico-m8-keyboard.cpp.obj
 .binary_info.keep.__bi_ptr22
                0x10005228        0x4 CMakeFiles/pico-m8-keyboard.dir/C_/Program_Files/Raspberry_Pi/Pico_SDK_v1.5.1/pico-sdk/src/rp2_common/pico_standard_link/binary_info.c.obj
 .binary_info.keep.__bi_ptr30
                0x1000522c        0x4 CMakeFiles/pico-m8-keyboard.dir/C_/Program_Files/Raspberry_Pi/Pico_SDK_v1.5.1/pico-sdk/src/rp2_common/pico_standard_link/binary_info.c.obj
 .binary_info.keep.__bi_ptr38
                0x10005230        0x4 CMakeFiles/pico-m8-keyboard.dir/C_/Program_Files/Raspberry_Pi/Pico_SDK_v1.5.1/pico-sdk/src/rp2_common/pico_standard_link/binary_info.c.obj
 .binary_info.keep.__bi_ptr44
                0x10005234        0x4 CMakeFiles/pico-m8-keyboard.dir/C_/Program_Files/Raspberry_Pi/Pico_SDK_v1.5.1/pico-sdk/src/rp2_common/pico_standard_link/binary_info.c.obj
 .binary_info.keep.__bi_ptr50
                0x10005238        0x4 CMakeFiles/pico-m8-keyboard.dir/C_/Program_Files/Raspberry_Pi/Pico_SDK_v1.5.1/pico-sdk/src/rp2_common/pico_standard_link/binary_info.c.obj
 .binary_info.keep.__bi_ptr75
                0x1000523c        0x4 CMakeFiles/pico-m8-keyboard.dir/C_/Program_Files/Raspberry_Pi/Pico_SDK_v1.5.1/pico-sdk/src/rp2_common/pico_standard_link/binary_info.c.obj
 .binary_info.keep.__bi_ptr81
                0x10005240        0x4 CMakeFiles/pico-m8-keyboard.dir/C_/Program_Files/Raspberry_Pi/Pico_SDK_v1.5.1/pico-sdk/src/rp2_common/pico_standard_link/binary_info.c.obj
 .binary_info.keep.__bi_ptr142
                0x10005244        0x4 CMakeFiles/pico-m8-keyboard.dir/C_/Program_Files/Raspberry_Pi/Pico_SDK_v1.5.1/pico-sdk/lib/tinyusb/hw/bsp/rp2040/family.c.obj
 .binary_info.keep.__bi_ptr152
                0x10005248        0x4 CMakeFiles/pico-m8-keyboard.dir/C_/Program_Files/Raspberry_Pi/Pico_SDK_v1.5.1/pico-sdk/lib/tinyusb/hw/bsp/rp2040/family.c.obj
 *(.binary_info.*)
                0x1000524c                __binary_info_end = .

.rel.dyn        0x1000524c        0x0
 .rel.iplt      0x1000524c        0x0 c:/progra~1/raspbe~1/picosd~1.1/gcc-ar~1/bin/../lib/gcc/arm-none-eabi/10.3.1/thumb/v6-m/nofp/crtbegin.o
                0x1000524c                . = ALIGN (0x4)

.ram_vector_table
                0x20000000       0xc0
 *(.ram_vector_table)
 .ram_vector_table
                0x20000000       0xc0 CMakeFiles/pico-m8-keyboard.dir/C_/Program_Files/Raspberry_Pi/Pico_SDK_v1.5.1/pico-sdk/src/rp2_common/pico_runtime/runtime.c.obj
                0x20000000                ram_vector_table

.data           0x200000c0      0xe54 load address 0x1000524c
                0x200000c0                __data_start__ = .
 *(vtable)
 *(.time_critical*)
 .time_critical.mutex_try_enter
                0x200000c0       0x44 CMakeFiles/pico-m8-keyboard.dir/C_/Program_Files/Raspberry_Pi/Pico_SDK_v1.5.1/pico-sdk/src/common/pico_sync/mutex.c.obj
                0x200000c0                mutex_try_enter
 .time_critical.mutex_try_enter_block_until
                0x20000104       0x9c CMakeFiles/pico-m8-keyboard.dir/C_/Program_Files/Raspberry_Pi/Pico_SDK_v1.5.1/pico-sdk/src/common/pico_sync/mutex.c.obj
                0x20000104                mutex_try_enter_block_until
 .time_critical.mutex_enter_timeout_ms
                0x200001a0       0x90 CMakeFiles/pico-m8-keyboard.dir/C_/Program_Files/Raspberry_Pi/Pico_SDK_v1.5.1/pico-sdk/src/common/pico_sync/mutex.c.obj
                0x200001a0                mutex_enter_timeout_ms
 .time_critical.mutex_exit
                0x20000230       0x28 CMakeFiles/pico-m8-keyboard.dir/C_/Program_Files/Raspberry_Pi/Pico_SDK_v1.5.1/pico-sdk/src/common/pico_sync/mutex.c.obj
                0x20000230                mutex_exit
 .time_critical.flash_init_boot2_copyout
                0x20000258       0x30 CMakeFiles/pico-m8-keyboard.dir/C_/Program_Files/Raspberry_Pi/Pico_SDK_v1.5.1/pico-sdk/src/rp2_common/hardware_flash/flash.c.obj
 .time_critical.flash_enable_xip_via_boot2
                0x20000288       0x10 CMakeFiles/pico-m8-keyboard.dir/C_/Program_Files/Raspberry_Pi/Pico_SDK_v1.5.1/pico-sdk/src/rp2_common/hardware_flash/flash.c.obj
 .time_critical.flash_cs_force
                0x20000298       0x38 CMakeFiles/pico-m8-keyboard.dir/C_/Program_Files/Raspberry_Pi/Pico_SDK_v1.5.1/pico-sdk/src/rp2_common/hardware_flash/flash.c.obj
 .time_critical.flash_do_cmd
                0x200002d0       0xc4 CMakeFiles/pico-m8-keyboard.dir/C_/Program_Files/Raspberry_Pi/Pico_SDK_v1.5.1/pico-sdk/src/rp2_common/hardware_flash/flash.c.obj
                0x200002d0                flash_do_cmd
 .time_critical.reset_non_control_endpoints
                0x20000394       0xbc CMakeFiles/pico-m8-keyboard.dir/C_/Program_Files/Raspberry_Pi/Pico_SDK_v1.5.1/pico-sdk/lib/tinyusb/src/portable/raspberrypi/rp2040/dcd_rp2040.c.obj
 .time_critical.hw_handle_buff_status
                0x20000450       0xa8 CMakeFiles/pico-m8-keyboard.dir/C_/Program_Files/Raspberry_Pi/Pico_SDK_v1.5.1/pico-sdk/lib/tinyusb/src/portable/raspberrypi/rp2040/dcd_rp2040.c.obj
 .time_critical.dcd_rp2040_irq
                0x200004f8      0x4d8 CMakeFiles/pico-m8-keyboard.dir/C_/Program_Files/Raspberry_Pi/Pico_SDK_v1.5.1/pico-sdk/lib/tinyusb/src/portable/raspberrypi/rp2040/dcd_rp2040.c.obj
 .time_critical.e15_is_bulkin_ep
                0x200009d0       0x28 CMakeFiles/pico-m8-keyboard.dir/C_/Program_Files/Raspberry_Pi/Pico_SDK_v1.5.1/pico-sdk/lib/tinyusb/src/portable/raspberrypi/rp2040/rp2040_usb.c.obj
 .time_critical.e15_is_critical_frame_period
                0x200009f8       0x34 CMakeFiles/pico-m8-keyboard.dir/C_/Program_Files/Raspberry_Pi/Pico_SDK_v1.5.1/pico-sdk/lib/tinyusb/src/portable/raspberrypi/rp2040/rp2040_usb.c.obj
 .time_critical.prepare_ep_buffer
                0x20000a2c       0x70 CMakeFiles/pico-m8-keyboard.dir/C_/Program_Files/Raspberry_Pi/Pico_SDK_v1.5.1/pico-sdk/lib/tinyusb/src/portable/raspberrypi/rp2040/rp2040_usb.c.obj
 .time_critical.sync_ep_buffer
                0x20000a9c       0x4c CMakeFiles/pico-m8-keyboard.dir/C_/Program_Files/Raspberry_Pi/Pico_SDK_v1.5.1/pico-sdk/lib/tinyusb/src/portable/raspberrypi/rp2040/rp2040_usb.c.obj
 .time_critical._hw_endpoint_xfer_sync
                0x20000ae8       0x28 CMakeFiles/pico-m8-keyboard.dir/C_/Program_Files/Raspberry_Pi/Pico_SDK_v1.5.1/pico-sdk/lib/tinyusb/src/portable/raspberrypi/rp2040/rp2040_usb.c.obj
 .time_critical.hw_endpoint_reset_transfer
                0x20000b10        0xc CMakeFiles/pico-m8-keyboard.dir/C_/Program_Files/Raspberry_Pi/Pico_SDK_v1.5.1/pico-sdk/lib/tinyusb/src/portable/raspberrypi/rp2040/rp2040_usb.c.obj
                0x20000b10                hw_endpoint_reset_transfer
 .time_critical._hw_endpoint_buffer_control_update32
                0x20000b1c       0x58 CMakeFiles/pico-m8-keyboard.dir/C_/Program_Files/Raspberry_Pi/Pico_SDK_v1.5.1/pico-sdk/lib/tinyusb/src/portable/raspberrypi/rp2040/rp2040_usb.c.obj
                0x20000b1c                _hw_endpoint_buffer_control_update32
 .time_critical.hw_endpoint_start_next_buffer
                0x20000b74       0x6c CMakeFiles/pico-m8-keyboard.dir/C_/Program_Files/Raspberry_Pi/Pico_SDK_v1.5.1/pico-sdk/lib/tinyusb/src/portable/raspberrypi/rp2040/rp2040_usb.c.obj
                0x20000b74                hw_endpoint_start_next_buffer
 .time_critical.hw_endpoint_xfer_continue
                0x20000be0       0x50 CMakeFiles/pico-m8-keyboard.dir/C_/Program_Files/Raspberry_Pi/Pico_SDK_v1.5.1/pico-sdk/lib/tinyusb/src/portable/raspberrypi/rp2040/rp2040_usb.c.obj
                0x20000be0                hw_endpoint_xfer_continue
 .time_critical.tinyusb
                0x20000c30      0x170 CMakeFiles/pico-m8-keyboard.dir/C_/Program_Files/Raspberry_Pi/Pico_SDK_v1.5.1/pico-sdk/lib/tinyusb/src/device/usbd.c.obj
                0x20000c30                dcd_event_handler
 *(.text*)
 .text          0x20000da0        0x4 c:/progra~1/raspbe~1/picosd~1.1/gcc-ar~1/bin/../lib/gcc/arm-none-eabi/10.3.1/thumb/v6-m/nofp\libgcc.a(_dvmd_tls.o)
                0x20000da0                __aeabi_idiv0
                0x20000da0                __aeabi_ldiv0
 *fill*         0x20000da4        0x4 
 .text.__stub   0x20000da8       0x70 linker stubs
                0x20000e18                . = ALIGN (0x4)
 *(.rodata*)
                0x20000e18                . = ALIGN (0x4)
 *(.data*)
 .data._ZL17blink_interval_ms
                0x20000e18        0x4 CMakeFiles/pico-m8-keyboard.dir/pico-m8-keyboard.cpp.obj
 .data.striped_spin_lock_num
                0x20000e1c        0x1 CMakeFiles/pico-m8-keyboard.dir/C_/Program_Files/Raspberry_Pi/Pico_SDK_v1.5.1/pico-sdk/src/rp2_common/hardware_sync/sync.c.obj
 *fill*         0x20000e1d        0x3 
 .data          0x20000e20       0x48 CMakeFiles/pico-m8-keyboard.dir/C_/Program_Files/Raspberry_Pi/Pico_SDK_v1.5.1/pico-sdk/src/rp2_common/hardware_irq/irq_handler_chain.S.obj
                0x20000e20                irq_handler_chain_slots
                0x20000e50                irq_handler_chain_first_slot
                0x20000e5a                irq_handler_chain_remove_tail
 .data.default_alarm_pool
                0x20000e68       0x18 CMakeFiles/pico-m8-keyboard.dir/C_/Program_Files/Raspberry_Pi/Pico_SDK_v1.5.1/pico-sdk/src/common/pico_time/time.c.obj
 .data.default_alarm_pool_heap
                0x20000e80       0x10 CMakeFiles/pico-m8-keyboard.dir/C_/Program_Files/Raspberry_Pi/Pico_SDK_v1.5.1/pico-sdk/src/common/pico_time/time.c.obj
 *fill*         0x20000e90        0x0 
 .data.aeabi_bits_funcs
                0x20000e90       0x10 CMakeFiles/pico-m8-keyboard.dir/C_/Program_Files/Raspberry_Pi/Pico_SDK_v1.5.1/pico-sdk/src/rp2_common/pico_bit_ops/bit_ops_aeabi.S.obj
                0x20000e90                aeabi_bits_funcs
                0x20000ea0                aeabi_bits_funcs_end
 .data.aeabi_mem_funcs
                0x20000ea0       0x10 CMakeFiles/pico-m8-keyboard.dir/C_/Program_Files/Raspberry_Pi/Pico_SDK_v1.5.1/pico-sdk/src/rp2_common/pico_mem_ops/mem_ops_aeabi.S.obj
                0x20000ea0                aeabi_mem_funcs
                0x20000eb0                aeabi_mem_funcs_end
 .data.stdio_uart
                0x20000eb0       0x18 CMakeFiles/pico-m8-keyboard.dir/C_/Program_Files/Raspberry_Pi/Pico_SDK_v1.5.1/pico-sdk/src/rp2_common/pico_stdio_uart/stdio_uart.c.obj
                0x20000eb0                stdio_uart
 .data.ep_dir_string
                0x20000ec8        0x8 CMakeFiles/pico-m8-keyboard.dir/C_/Program_Files/Raspberry_Pi/Pico_SDK_v1.5.1/pico-sdk/lib/tinyusb/src/portable/raspberrypi/rp2040/rp2040_usb.c.obj
                0x20000ec8                ep_dir_string
 .data._usbd_qdef
                0x20000ed0       0x1c CMakeFiles/pico-m8-keyboard.dir/C_/Program_Files/Raspberry_Pi/Pico_SDK_v1.5.1/pico-sdk/lib/tinyusb/src/device/usbd.c.obj
                0x20000ed0                _usbd_qdef
 .data._usbd_rhport
                0x20000eec        0x1 CMakeFiles/pico-m8-keyboard.dir/C_/Program_Files/Raspberry_Pi/Pico_SDK_v1.5.1/pico-sdk/lib/tinyusb/src/device/usbd.c.obj
                0x20000ef0                . = ALIGN (0x4)
 *fill*         0x20000eed        0x3 
 *(.after_data.*)
                0x20000ef0                . = ALIGN (0x4)
                0x20000ef0                PROVIDE (__mutex_array_start = .)
 *(SORT_BY_NAME(.mutex_array.*))
 *(.mutex_array)
 .mutex_array   0x20000ef0        0x8 CMakeFiles/pico-m8-keyboard.dir/C_/Program_Files/Raspberry_Pi/Pico_SDK_v1.5.1/pico-sdk/src/rp2_common/pico_stdio/stdio.c.obj
                0x20000ef8                PROVIDE (__mutex_array_end = .)
                0x20000ef8                . = ALIGN (0x4)
                0x20000ef8                PROVIDE (__preinit_array_start = .)
 *(SORT_BY_NAME(.preinit_array.*))
 .preinit_array.00001
                0x20000ef8        0x4 CMakeFiles/pico-m8-keyboard.dir/C_/Program_Files/Raspberry_Pi/Pico_SDK_v1.5.1/pico-sdk/src/rp2_common/pico_mem_ops/mem_ops_aeabi.S.obj
 .preinit_array.00010
                0x20000efc        0x4 CMakeFiles/pico-m8-keyboard.dir/C_/Program_Files/Raspberry_Pi/Pico_SDK_v1.5.1/pico-sdk/src/rp2_common/pico_bit_ops/bit_ops_aeabi.S.obj
 .preinit_array.00020
                0x20000f00        0x4 CMakeFiles/pico-m8-keyboard.dir/C_/Program_Files/Raspberry_Pi/Pico_SDK_v1.5.1/pico-sdk/src/rp2_common/pico_double/double_aeabi.S.obj
 .preinit_array.00020
                0x20000f04        0x4 CMakeFiles/pico-m8-keyboard.dir/C_/Program_Files/Raspberry_Pi/Pico_SDK_v1.5.1/pico-sdk/src/rp2_common/pico_float/float_aeabi.S.obj
 *(.preinit_array)
                0x20000f08                PROVIDE (__preinit_array_end = .)
                0x20000f08                . = ALIGN (0x4)
                0x20000f08                PROVIDE (__init_array_start = .)
 *(SORT_BY_NAME(.init_array.*))
 *(.init_array)
 .init_array    0x20000f08        0x4 c:/progra~1/raspbe~1/picosd~1.1/gcc-ar~1/bin/../lib/gcc/arm-none-eabi/10.3.1/thumb/v6-m/nofp/crtbegin.o
 .init_array    0x20000f0c        0x4 CMakeFiles/pico-m8-keyboard.dir/TinyUSB_Mouse_and_Keyboard/TinyUSB_Mouse_and_Keyboard.cpp.obj
 .init_array    0x20000f10        0x4 CMakeFiles/pico-m8-keyboard.dir/C_/Program_Files/Raspberry_Pi/Pico_SDK_v1.5.1/pico-sdk/src/rp2_common/pico_unique_id/unique_id.c.obj
                0x20000f14                PROVIDE (__init_array_end = .)
                0x20000f14                . = ALIGN (0x4)
                [!provide]                PROVIDE (__fini_array_start = .)
 *(SORT_BY_NAME(.fini_array.*))
 *(.fini_array)
                [!provide]                PROVIDE (__fini_array_end = .)
 *(.jcr)
                0x20000f14                . = ALIGN (0x4)
                0x20000f14                __data_end__ = .
                0x1000524c                __etext = LOADADDR (.data)

.igot.plt       0x20000f14        0x0 load address 0x100060a0
 .igot.plt      0x20000f14        0x0 c:/progra~1/raspbe~1/picosd~1.1/gcc-ar~1/bin/../lib/gcc/arm-none-eabi/10.3.1/thumb/v6-m/nofp/crtbegin.o

.uninitialized_data
                0x20000f14        0x0 load address 0x100060a0
                0x20000f14                . = ALIGN (0x4)
 *(.uninitialized_data*)

.scratch_x      0x20040000        0x0 load address 0x100060a0
                0x20040000                __scratch_x_start__ = .
 *(.scratch_x.*)
                0x20040000                . = ALIGN (0x4)
                0x20040000                __scratch_x_end__ = .
                0x100060a0                __scratch_x_source__ = LOADADDR (.scratch_x)

.scratch_y      0x20041000        0x0 load address 0x100060a0
                0x20041000                __scratch_y_start__ = .
 *(.scratch_y.*)
                0x20041000                . = ALIGN (0x4)
                0x20041000                __scratch_y_end__ = .
                0x100060a0                __scratch_y_source__ = LOADADDR (.scratch_y)

.bss            0x20000f18      0xcb0
                0x20000f18                . = ALIGN (0x4)
                0x20000f18                __bss_start__ = .
 *(SORT_BY_ALIGNMENT(SORT_BY_NAME(.bss*)))
 .bss.default_alarm_pool_entries
                0x20000f18      0x100 CMakeFiles/pico-m8-keyboard.dir/C_/Program_Files/Raspberry_Pi/Pico_SDK_v1.5.1/pico-sdk/src/common/pico_time/time.c.obj
 .bss.sd_table  0x20001018      0x100 CMakeFiles/pico-m8-keyboard.dir/C_/Program_Files/Raspberry_Pi/Pico_SDK_v1.5.1/pico-sdk/src/rp2_common/pico_double/double_init_rom.c.obj
                0x20001018                sd_table
 .bss.sf_table  0x20001118      0x100 CMakeFiles/pico-m8-keyboard.dir/C_/Program_Files/Raspberry_Pi/Pico_SDK_v1.5.1/pico-sdk/src/rp2_common/pico_float/float_init_rom.c.obj
                0x20001118                sf_table
 .bss           0x20001218       0x1c c:/progra~1/raspbe~1/picosd~1.1/gcc-ar~1/bin/../lib/gcc/arm-none-eabi/10.3.1/thumb/v6-m/nofp/crtbegin.o
 .bss.Keyboard  0x20001234       0x10 CMakeFiles/pico-m8-keyboard.dir/TinyUSB_Mouse_and_Keyboard/TinyUSB_Mouse_and_Keyboard.cpp.obj
                0x20001234                Keyboard
 .bss.Serial    0x20001244        0x1 CMakeFiles/pico-m8-keyboard.dir/pico-m8-keyboard.cpp.obj
                0x20001244                Serial
 *fill*         0x20001245        0x3 
 .bss.TinyUSBDevice
                0x20001248      0x194 CMakeFiles/pico-m8-keyboard.dir/Adafruit_TinyUSB_Arduino/src/arduino/Adafruit_USBD_Device.cpp.obj
                0x20001248                TinyUSBDevice
 .bss._ZL12USB_TASK_IRQ
                0x200013dc        0x4 CMakeFiles/pico-m8-keyboard.dir/Adafruit_TinyUSB_Arduino/src/arduino/ports/rp2040/Adafruit_TinyUSB_rp2040.cpp.obj
 .bss._ZL14_hid_instances
                0x200013e0        0x4 CMakeFiles/pico-m8-keyboard.dir/Adafruit_TinyUSB_Arduino/src/arduino/hid/Adafruit_USBD_HID.cpp.obj
 .bss._ZL8debounce
                0x200013e4       0x40 CMakeFiles/pico-m8-keyboard.dir/pico-m8-keyboard.cpp.obj
 .bss.__usb_mutex
                0x20001424        0x8 CMakeFiles/pico-m8-keyboard.dir/Adafruit_TinyUSB_Arduino/src/arduino/ports/rp2040/Adafruit_TinyUSB_rp2040.cpp.obj
                0x20001424                __usb_mutex
 .bss._app_driver
                0x2000142c        0x4 CMakeFiles/pico-m8-keyboard.dir/C_/Program_Files/Raspberry_Pi/Pico_SDK_v1.5.1/pico-sdk/lib/tinyusb/src/device/usbd.c.obj
 .bss._ctrl_xfer
                0x20001430       0x14 CMakeFiles/pico-m8-keyboard.dir/C_/Program_Files/Raspberry_Pi/Pico_SDK_v1.5.1/pico-sdk/lib/tinyusb/src/device/usbd_control.c.obj
 .bss._hidd_itf
                0x20001444       0x2c CMakeFiles/pico-m8-keyboard.dir/C_/Program_Files/Raspberry_Pi/Pico_SDK_v1.5.1/pico-sdk/lib/tinyusb/src/class/hid/hid_device.c.obj
 .bss._ubsd_mutexdef
                0x20001470        0x8 CMakeFiles/pico-m8-keyboard.dir/C_/Program_Files/Raspberry_Pi/Pico_SDK_v1.5.1/pico-sdk/lib/tinyusb/src/device/usbd.c.obj
 .bss._usbd_ctrl_buf
                0x20001478       0x40 CMakeFiles/pico-m8-keyboard.dir/C_/Program_Files/Raspberry_Pi/Pico_SDK_v1.5.1/pico-sdk/lib/tinyusb/src/device/usbd_control.c.obj
 .bss._usbd_dev
                0x200014b8       0x53 CMakeFiles/pico-m8-keyboard.dir/C_/Program_Files/Raspberry_Pi/Pico_SDK_v1.5.1/pico-sdk/lib/tinyusb/src/device/usbd.c.obj
 *fill*         0x2000150b        0x1 
 .bss._usbd_mutex
                0x2000150c        0x4 CMakeFiles/pico-m8-keyboard.dir/C_/Program_Files/Raspberry_Pi/Pico_SDK_v1.5.1/pico-sdk/lib/tinyusb/src/device/usbd.c.obj
 .bss._usbd_q   0x20001510        0x4 CMakeFiles/pico-m8-keyboard.dir/C_/Program_Files/Raspberry_Pi/Pico_SDK_v1.5.1/pico-sdk/lib/tinyusb/src/device/usbd.c.obj
 .bss._usbd_qdef_buf
                0x20001514       0xc0 CMakeFiles/pico-m8-keyboard.dir/C_/Program_Files/Raspberry_Pi/Pico_SDK_v1.5.1/pico-sdk/lib/tinyusb/src/device/usbd.c.obj
                0x20001514                _usbd_qdef_buf
 .bss.alarm_callbacks
                0x200015d4       0x10 CMakeFiles/pico-m8-keyboard.dir/C_/Program_Files/Raspberry_Pi/Pico_SDK_v1.5.1/pico-sdk/src/rp2_common/hardware_timer/timer.c.obj
 .bss.boot2_copyout
                0x200015e4      0x100 CMakeFiles/pico-m8-keyboard.dir/C_/Program_Files/Raspberry_Pi/Pico_SDK_v1.5.1/pico-sdk/src/rp2_common/hardware_flash/flash.c.obj
 .bss.chars_available_callback
                0x200016e4        0x4 CMakeFiles/pico-m8-keyboard.dir/C_/Program_Files/Raspberry_Pi/Pico_SDK_v1.5.1/pico-sdk/src/rp2_common/pico_stdio_uart/stdio_uart.c.obj
 .bss.chars_available_param
                0x200016e8        0x4 CMakeFiles/pico-m8-keyboard.dir/C_/Program_Files/Raspberry_Pi/Pico_SDK_v1.5.1/pico-sdk/src/rp2_common/pico_stdio_uart/stdio_uart.c.obj
 .bss.claimed   0x200016ec        0x4 CMakeFiles/pico-m8-keyboard.dir/C_/Program_Files/Raspberry_Pi/Pico_SDK_v1.5.1/pico-sdk/src/rp2_common/hardware_sync/sync.c.obj
 .bss.configured_freq
                0x200016f0       0x28 CMakeFiles/pico-m8-keyboard.dir/C_/Program_Files/Raspberry_Pi/Pico_SDK_v1.5.1/pico-sdk/src/rp2_common/hardware_clocks/clocks.c.obj
 .bss.default_alarm_pool_entry_ids_high
                0x20001718       0x10 CMakeFiles/pico-m8-keyboard.dir/C_/Program_Files/Raspberry_Pi/Pico_SDK_v1.5.1/pico-sdk/src/common/pico_time/time.c.obj
 .bss.default_alarm_pool_heap_nodes
                0x20001728       0x30 CMakeFiles/pico-m8-keyboard.dir/C_/Program_Files/Raspberry_Pi/Pico_SDK_v1.5.1/pico-sdk/src/common/pico_time/time.c.obj
 .bss.drivers   0x20001758        0x4 CMakeFiles/pico-m8-keyboard.dir/C_/Program_Files/Raspberry_Pi/Pico_SDK_v1.5.1/pico-sdk/src/rp2_common/pico_stdio/stdio.c.obj
 .bss.e15_last_sof
                0x2000175c        0x4 CMakeFiles/pico-m8-keyboard.dir/C_/Program_Files/Raspberry_Pi/Pico_SDK_v1.5.1/pico-sdk/lib/tinyusb/src/portable/raspberrypi/rp2040/rp2040_usb.c.obj
                0x2000175c                e15_last_sof
 .bss.filter    0x20001760        0x4 CMakeFiles/pico-m8-keyboard.dir/C_/Program_Files/Raspberry_Pi/Pico_SDK_v1.5.1/pico-sdk/src/rp2_common/pico_stdio/stdio.c.obj
 .bss.hw_endpoints
                0x20001764      0x400 CMakeFiles/pico-m8-keyboard.dir/C_/Program_Files/Raspberry_Pi/Pico_SDK_v1.5.1/pico-sdk/lib/tinyusb/src/portable/raspberrypi/rp2040/dcd_rp2040.c.obj
 .bss.lazy_vsnprintf
                0x20001b64        0x4 CMakeFiles/pico-m8-keyboard.dir/C_/Program_Files/Raspberry_Pi/Pico_SDK_v1.5.1/pico-sdk/src/rp2_common/pico_printf/printf.c.obj
 .bss.next_buffer_ptr
                0x20001b68        0x4 CMakeFiles/pico-m8-keyboard.dir/C_/Program_Files/Raspberry_Pi/Pico_SDK_v1.5.1/pico-sdk/lib/tinyusb/src/portable/raspberrypi/rp2040/dcd_rp2040.c.obj
 .bss.pools     0x20001b6c       0x10 CMakeFiles/pico-m8-keyboard.dir/C_/Program_Files/Raspberry_Pi/Pico_SDK_v1.5.1/pico-sdk/src/common/pico_time/time.c.obj
 .bss.retrieved_id
                0x20001b7c        0x8 CMakeFiles/pico-m8-keyboard.dir/C_/Program_Files/Raspberry_Pi/Pico_SDK_v1.5.1/pico-sdk/src/rp2_common/pico_unique_id/unique_id.c.obj
 .bss.sf_clz_func
                0x20001b84        0x4 CMakeFiles/pico-m8-keyboard.dir/C_/Program_Files/Raspberry_Pi/Pico_SDK_v1.5.1/pico-sdk/src/rp2_common/pico_double/double_init_rom.c.obj
                0x20001b84                sf_clz_func
 .bss.sleep_notifier
                0x20001b88        0x4 CMakeFiles/pico-m8-keyboard.dir/C_/Program_Files/Raspberry_Pi/Pico_SDK_v1.5.1/pico-sdk/src/common/pico_time/time.c.obj
 .bss.target_hi
                0x20001b8c       0x10 CMakeFiles/pico-m8-keyboard.dir/C_/Program_Files/Raspberry_Pi/Pico_SDK_v1.5.1/pico-sdk/src/rp2_common/hardware_timer/timer.c.obj
 .bss.uart_char_to_line_feed
                0x20001b9c        0x4 CMakeFiles/pico-m8-keyboard.dir/C_/Program_Files/Raspberry_Pi/Pico_SDK_v1.5.1/pico-sdk/src/rp2_common/hardware_uart/uart.c.obj
                0x20001b9c                uart_char_to_line_feed
 .bss.uart_inst
                0x20001ba0        0x4 CMakeFiles/pico-m8-keyboard.dir/C_/Program_Files/Raspberry_Pi/Pico_SDK_v1.5.1/pico-sdk/lib/tinyusb/hw/bsp/rp2040/family.c.obj
 .bss.uart_instance
                0x20001ba4        0x4 CMakeFiles/pico-m8-keyboard.dir/C_/Program_Files/Raspberry_Pi/Pico_SDK_v1.5.1/pico-sdk/src/rp2_common/pico_stdio_uart/stdio_uart.c.obj
 .bss.usb_hid   0x20001ba8       0x18 CMakeFiles/pico-m8-keyboard.dir/TinyUSB_Mouse_and_Keyboard/TinyUSB_Mouse_and_Keyboard.cpp.obj
                0x20001ba8                usb_hid
 .bss._ZN17Adafruit_USBD_HID15_instance_countE
                0x20001bc0        0x1 CMakeFiles/pico-m8-keyboard.dir/Adafruit_TinyUSB_Arduino/src/arduino/hid/Adafruit_USBD_HID.cpp.obj
                0x20001bc0                Adafruit_USBD_HID::_instance_count
 .bss._app_driver_count
                0x20001bc1        0x1 CMakeFiles/pico-m8-keyboard.dir/C_/Program_Files/Raspberry_Pi/Pico_SDK_v1.5.1/pico-sdk/lib/tinyusb/src/device/usbd.c.obj
 .bss._sof_enable
                0x20001bc2        0x1 CMakeFiles/pico-m8-keyboard.dir/C_/Program_Files/Raspberry_Pi/Pico_SDK_v1.5.1/pico-sdk/lib/tinyusb/src/portable/raspberrypi/rp2040/dcd_rp2040.c.obj
 .bss.boot2_copyout_valid
                0x20001bc3        0x1 CMakeFiles/pico-m8-keyboard.dir/C_/Program_Files/Raspberry_Pi/Pico_SDK_v1.5.1/pico-sdk/src/rp2_common/hardware_flash/flash.c.obj
 .bss.claimed   0x20001bc4        0x1 CMakeFiles/pico-m8-keyboard.dir/C_/Program_Files/Raspberry_Pi/Pico_SDK_v1.5.1/pico-sdk/src/rp2_common/hardware_timer/timer.c.obj
 .bss.irq_hander_chain_free_slot_head
                0x20001bc5        0x1 CMakeFiles/pico-m8-keyboard.dir/C_/Program_Files/Raspberry_Pi/Pico_SDK_v1.5.1/pico-sdk/src/rp2_common/hardware_irq/irq.c.obj
 .bss.timer_callbacks_pending
                0x20001bc6        0x1 CMakeFiles/pico-m8-keyboard.dir/C_/Program_Files/Raspberry_Pi/Pico_SDK_v1.5.1/pico-sdk/src/rp2_common/hardware_timer/timer.c.obj
 .bss.user_irq_claimed
                0x20001bc7        0x1 CMakeFiles/pico-m8-keyboard.dir/C_/Program_Files/Raspberry_Pi/Pico_SDK_v1.5.1/pico-sdk/src/rp2_common/hardware_irq/irq.c.obj
 *(COMMON)
                0x20001bc8                . = ALIGN (0x4)
                0x20001bc8                __bss_end__ = .

.heap           0x20001bc8      0x800
                0x20001bc8                __end__ = .
                0x20001bc8                end = __end__
 *(.heap*)
 .heap          0x20001bc8      0x800 CMakeFiles/pico-m8-keyboard.dir/C_/Program_Files/Raspberry_Pi/Pico_SDK_v1.5.1/pico-sdk/src/rp2_common/pico_standard_link/crt0.S.obj
                0x200023c8                __HeapLimit = .

.stack1_dummy   0x20040000        0x0
 *(.stack1*)

.stack_dummy    0x20041000      0x800
 *(.stack*)
 .stack         0x20041000      0x800 CMakeFiles/pico-m8-keyboard.dir/C_/Program_Files/Raspberry_Pi/Pico_SDK_v1.5.1/pico-sdk/src/rp2_common/pico_standard_link/crt0.S.obj

.flash_end      0x100060a0        0x0
                0x100060a0                PROVIDE (__flash_binary_end = .)
                0x20040000                __StackLimit = (ORIGIN (RAM) + LENGTH (RAM))
                0x20041000                __StackOneTop = (ORIGIN (SCRATCH_X) + LENGTH (SCRATCH_X))
                0x20042000                __StackTop = (ORIGIN (SCRATCH_Y) + LENGTH (SCRATCH_Y))
                0x20041000                __StackOneBottom = (__StackOneTop - SIZEOF (.stack1_dummy))
                0x20041800                __StackBottom = (__StackTop - SIZEOF (.stack_dummy))
                0x20042000                PROVIDE (__stack = __StackTop)
                0x00000001                ASSERT ((__StackLimit >= __HeapLimit), region RAM overflowed)
                0x00000001                ASSERT (((__binary_info_header_end - __logical_binary_start) <= 0x100), Binary info must be in first 256 bytes of the binary)
LOAD CMakeFiles/pico-m8-keyboard.dir/pico-m8-keyboard.cpp.obj
LOAD CMakeFiles/pico-m8-keyboard.dir/TinyUSB_Mouse_and_Keyboard/TinyUSB_Mouse_and_Keyboard.cpp.obj
LOAD CMakeFiles/pico-m8-keyboard.dir/Adafruit_TinyUSB_Arduino/src/arduino/hid/Adafruit_USBD_HID.cpp.obj
LOAD CMakeFiles/pico-m8-keyboard.dir/Adafruit_TinyUSB_Arduino/src/arduino/Adafruit_USBD_Device.cpp.obj
LOAD CMakeFiles/pico-m8-keyboard.dir/Adafruit_TinyUSB_Arduino/src/arduino/ports/rp2040/Adafruit_TinyUSB_rp2040.cpp.obj
LOAD CMakeFiles/pico-m8-keyboard.dir/C_/Program_Files/Raspberry_Pi/Pico_SDK_v1.5.1/pico-sdk/src/rp2_common/pico_stdlib/stdlib.c.obj
LOAD CMakeFiles/pico-m8-keyboard.dir/C_/Program_Files/Raspberry_Pi/Pico_SDK_v1.5.1/pico-sdk/src/rp2_common/hardware_gpio/gpio.c.obj
LOAD CMakeFiles/pico-m8-keyboard.dir/C_/Program_Files/Raspberry_Pi/Pico_SDK_v1.5.1/pico-sdk/src/rp2_common/pico_platform/platform.c.obj
LOAD CMakeFiles/pico-m8-keyboard.dir/C_/Program_Files/Raspberry_Pi/Pico_SDK_v1.5.1/pico-sdk/src/rp2_common/hardware_claim/claim.c.obj
LOAD CMakeFiles/pico-m8-keyboard.dir/C_/Program_Files/Raspberry_Pi/Pico_SDK_v1.5.1/pico-sdk/src/rp2_common/hardware_sync/sync.c.obj
LOAD CMakeFiles/pico-m8-keyboard.dir/C_/Program_Files/Raspberry_Pi/Pico_SDK_v1.5.1/pico-sdk/src/rp2_common/hardware_irq/irq.c.obj
LOAD CMakeFiles/pico-m8-keyboard.dir/C_/Program_Files/Raspberry_Pi/Pico_SDK_v1.5.1/pico-sdk/src/rp2_common/hardware_irq/irq_handler_chain.S.obj
LOAD CMakeFiles/pico-m8-keyboard.dir/C_/Program_Files/Raspberry_Pi/Pico_SDK_v1.5.1/pico-sdk/src/common/pico_sync/sem.c.obj
LOAD CMakeFiles/pico-m8-keyboard.dir/C_/Program_Files/Raspberry_Pi/Pico_SDK_v1.5.1/pico-sdk/src/common/pico_sync/lock_core.c.obj
LOAD CMakeFiles/pico-m8-keyboard.dir/C_/Program_Files/Raspberry_Pi/Pico_SDK_v1.5.1/pico-sdk/src/common/pico_sync/mutex.c.obj
LOAD CMakeFiles/pico-m8-keyboard.dir/C_/Program_Files/Raspberry_Pi/Pico_SDK_v1.5.1/pico-sdk/src/common/pico_sync/critical_section.c.obj
LOAD CMakeFiles/pico-m8-keyboard.dir/C_/Program_Files/Raspberry_Pi/Pico_SDK_v1.5.1/pico-sdk/src/common/pico_time/time.c.obj
LOAD CMakeFiles/pico-m8-keyboard.dir/C_/Program_Files/Raspberry_Pi/Pico_SDK_v1.5.1/pico-sdk/src/common/pico_time/timeout_helper.c.obj
LOAD CMakeFiles/pico-m8-keyboard.dir/C_/Program_Files/Raspberry_Pi/Pico_SDK_v1.5.1/pico-sdk/src/rp2_common/hardware_timer/timer.c.obj
LOAD CMakeFiles/pico-m8-keyboard.dir/C_/Program_Files/Raspberry_Pi/Pico_SDK_v1.5.1/pico-sdk/src/common/pico_util/datetime.c.obj
LOAD CMakeFiles/pico-m8-keyboard.dir/C_/Program_Files/Raspberry_Pi/Pico_SDK_v1.5.1/pico-sdk/src/common/pico_util/pheap.c.obj
LOAD CMakeFiles/pico-m8-keyboard.dir/C_/Program_Files/Raspberry_Pi/Pico_SDK_v1.5.1/pico-sdk/src/common/pico_util/queue.c.obj
LOAD CMakeFiles/pico-m8-keyboard.dir/C_/Program_Files/Raspberry_Pi/Pico_SDK_v1.5.1/pico-sdk/src/rp2_common/hardware_uart/uart.c.obj
LOAD CMakeFiles/pico-m8-keyboard.dir/C_/Program_Files/Raspberry_Pi/Pico_SDK_v1.5.1/pico-sdk/src/rp2_common/hardware_clocks/clocks.c.obj
LOAD CMakeFiles/pico-m8-keyboard.dir/C_/Program_Files/Raspberry_Pi/Pico_SDK_v1.5.1/pico-sdk/src/rp2_common/hardware_pll/pll.c.obj
LOAD CMakeFiles/pico-m8-keyboard.dir/C_/Program_Files/Raspberry_Pi/Pico_SDK_v1.5.1/pico-sdk/src/rp2_common/hardware_vreg/vreg.c.obj
LOAD CMakeFiles/pico-m8-keyboard.dir/C_/Program_Files/Raspberry_Pi/Pico_SDK_v1.5.1/pico-sdk/src/rp2_common/hardware_watchdog/watchdog.c.obj
LOAD CMakeFiles/pico-m8-keyboard.dir/C_/Program_Files/Raspberry_Pi/Pico_SDK_v1.5.1/pico-sdk/src/rp2_common/hardware_xosc/xosc.c.obj
LOAD CMakeFiles/pico-m8-keyboard.dir/C_/Program_Files/Raspberry_Pi/Pico_SDK_v1.5.1/pico-sdk/src/rp2_common/hardware_divider/divider.S.obj
LOAD CMakeFiles/pico-m8-keyboard.dir/C_/Program_Files/Raspberry_Pi/Pico_SDK_v1.5.1/pico-sdk/src/rp2_common/pico_runtime/runtime.c.obj
LOAD CMakeFiles/pico-m8-keyboard.dir/C_/Program_Files/Raspberry_Pi/Pico_SDK_v1.5.1/pico-sdk/src/rp2_common/pico_printf/printf.c.obj
LOAD CMakeFiles/pico-m8-keyboard.dir/C_/Program_Files/Raspberry_Pi/Pico_SDK_v1.5.1/pico-sdk/src/rp2_common/pico_bit_ops/bit_ops_aeabi.S.obj
LOAD CMakeFiles/pico-m8-keyboard.dir/C_/Program_Files/Raspberry_Pi/Pico_SDK_v1.5.1/pico-sdk/src/rp2_common/pico_bootrom/bootrom.c.obj
LOAD CMakeFiles/pico-m8-keyboard.dir/C_/Program_Files/Raspberry_Pi/Pico_SDK_v1.5.1/pico-sdk/src/rp2_common/pico_divider/divider.S.obj
LOAD CMakeFiles/pico-m8-keyboard.dir/C_/Program_Files/Raspberry_Pi/Pico_SDK_v1.5.1/pico-sdk/src/rp2_common/pico_double/double_aeabi.S.obj
LOAD CMakeFiles/pico-m8-keyboard.dir/C_/Program_Files/Raspberry_Pi/Pico_SDK_v1.5.1/pico-sdk/src/rp2_common/pico_double/double_init_rom.c.obj
LOAD CMakeFiles/pico-m8-keyboard.dir/C_/Program_Files/Raspberry_Pi/Pico_SDK_v1.5.1/pico-sdk/src/rp2_common/pico_double/double_math.c.obj
LOAD CMakeFiles/pico-m8-keyboard.dir/C_/Program_Files/Raspberry_Pi/Pico_SDK_v1.5.1/pico-sdk/src/rp2_common/pico_double/double_v1_rom_shim.S.obj
LOAD CMakeFiles/pico-m8-keyboard.dir/C_/Program_Files/Raspberry_Pi/Pico_SDK_v1.5.1/pico-sdk/src/rp2_common/pico_int64_ops/pico_int64_ops_aeabi.S.obj
LOAD CMakeFiles/pico-m8-keyboard.dir/C_/Program_Files/Raspberry_Pi/Pico_SDK_v1.5.1/pico-sdk/src/rp2_common/pico_float/float_aeabi.S.obj
LOAD CMakeFiles/pico-m8-keyboard.dir/C_/Program_Files/Raspberry_Pi/Pico_SDK_v1.5.1/pico-sdk/src/rp2_common/pico_float/float_init_rom.c.obj
LOAD CMakeFiles/pico-m8-keyboard.dir/C_/Program_Files/Raspberry_Pi/Pico_SDK_v1.5.1/pico-sdk/src/rp2_common/pico_float/float_math.c.obj
LOAD CMakeFiles/pico-m8-keyboard.dir/C_/Program_Files/Raspberry_Pi/Pico_SDK_v1.5.1/pico-sdk/src/rp2_common/pico_float/float_v1_rom_shim.S.obj
LOAD CMakeFiles/pico-m8-keyboard.dir/C_/Program_Files/Raspberry_Pi/Pico_SDK_v1.5.1/pico-sdk/src/rp2_common/pico_malloc/pico_malloc.c.obj
LOAD CMakeFiles/pico-m8-keyboard.dir/C_/Program_Files/Raspberry_Pi/Pico_SDK_v1.5.1/pico-sdk/src/rp2_common/pico_mem_ops/mem_ops_aeabi.S.obj
LOAD CMakeFiles/pico-m8-keyboard.dir/C_/Program_Files/Raspberry_Pi/Pico_SDK_v1.5.1/pico-sdk/src/rp2_common/pico_standard_link/crt0.S.obj
LOAD CMakeFiles/pico-m8-keyboard.dir/C_/Program_Files/Raspberry_Pi/Pico_SDK_v1.5.1/pico-sdk/src/rp2_common/pico_standard_link/new_delete.cpp.obj
LOAD CMakeFiles/pico-m8-keyboard.dir/C_/Program_Files/Raspberry_Pi/Pico_SDK_v1.5.1/pico-sdk/src/rp2_common/pico_standard_link/binary_info.c.obj
LOAD CMakeFiles/pico-m8-keyboard.dir/C_/Program_Files/Raspberry_Pi/Pico_SDK_v1.5.1/pico-sdk/src/rp2_common/pico_stdio/stdio.c.obj
LOAD CMakeFiles/pico-m8-keyboard.dir/C_/Program_Files/Raspberry_Pi/Pico_SDK_v1.5.1/pico-sdk/src/rp2_common/pico_stdio_uart/stdio_uart.c.obj
LOAD CMakeFiles/pico-m8-keyboard.dir/C_/Program_Files/Raspberry_Pi/Pico_SDK_v1.5.1/pico-sdk/src/rp2_common/pico_unique_id/unique_id.c.obj
LOAD CMakeFiles/pico-m8-keyboard.dir/C_/Program_Files/Raspberry_Pi/Pico_SDK_v1.5.1/pico-sdk/src/rp2_common/hardware_flash/flash.c.obj
LOAD CMakeFiles/pico-m8-keyboard.dir/C_/Program_Files/Raspberry_Pi/Pico_SDK_v1.5.1/pico-sdk/lib/tinyusb/src/portable/raspberrypi/rp2040/dcd_rp2040.c.obj
LOAD CMakeFiles/pico-m8-keyboard.dir/C_/Program_Files/Raspberry_Pi/Pico_SDK_v1.5.1/pico-sdk/lib/tinyusb/src/portable/raspberrypi/rp2040/rp2040_usb.c.obj
LOAD CMakeFiles/pico-m8-keyboard.dir/C_/Program_Files/Raspberry_Pi/Pico_SDK_v1.5.1/pico-sdk/lib/tinyusb/src/device/usbd.c.obj
LOAD CMakeFiles/pico-m8-keyboard.dir/C_/Program_Files/Raspberry_Pi/Pico_SDK_v1.5.1/pico-sdk/lib/tinyusb/src/device/usbd_control.c.obj
LOAD CMakeFiles/pico-m8-keyboard.dir/C_/Program_Files/Raspberry_Pi/Pico_SDK_v1.5.1/pico-sdk/lib/tinyusb/src/class/audio/audio_device.c.obj
LOAD CMakeFiles/pico-m8-keyboard.dir/C_/Program_Files/Raspberry_Pi/Pico_SDK_v1.5.1/pico-sdk/lib/tinyusb/src/class/cdc/cdc_device.c.obj
LOAD CMakeFiles/pico-m8-keyboard.dir/C_/Program_Files/Raspberry_Pi/Pico_SDK_v1.5.1/pico-sdk/lib/tinyusb/src/class/dfu/dfu_device.c.obj
LOAD CMakeFiles/pico-m8-keyboard.dir/C_/Program_Files/Raspberry_Pi/Pico_SDK_v1.5.1/pico-sdk/lib/tinyusb/src/class/dfu/dfu_rt_device.c.obj
LOAD CMakeFiles/pico-m8-keyboard.dir/C_/Program_Files/Raspberry_Pi/Pico_SDK_v1.5.1/pico-sdk/lib/tinyusb/src/class/hid/hid_device.c.obj
LOAD CMakeFiles/pico-m8-keyboard.dir/C_/Program_Files/Raspberry_Pi/Pico_SDK_v1.5.1/pico-sdk/lib/tinyusb/src/class/midi/midi_device.c.obj
LOAD CMakeFiles/pico-m8-keyboard.dir/C_/Program_Files/Raspberry_Pi/Pico_SDK_v1.5.1/pico-sdk/lib/tinyusb/src/class/msc/msc_device.c.obj
LOAD CMakeFiles/pico-m8-keyboard.dir/C_/Program_Files/Raspberry_Pi/Pico_SDK_v1.5.1/pico-sdk/lib/tinyusb/src/class/net/ecm_rndis_device.c.obj
LOAD CMakeFiles/pico-m8-keyboard.dir/C_/Program_Files/Raspberry_Pi/Pico_SDK_v1.5.1/pico-sdk/lib/tinyusb/src/class/net/ncm_device.c.obj
LOAD CMakeFiles/pico-m8-keyboard.dir/C_/Program_Files/Raspberry_Pi/Pico_SDK_v1.5.1/pico-sdk/lib/tinyusb/src/class/usbtmc/usbtmc_device.c.obj
LOAD CMakeFiles/pico-m8-keyboard.dir/C_/Program_Files/Raspberry_Pi/Pico_SDK_v1.5.1/pico-sdk/lib/tinyusb/src/class/vendor/vendor_device.c.obj
LOAD CMakeFiles/pico-m8-keyboard.dir/C_/Program_Files/Raspberry_Pi/Pico_SDK_v1.5.1/pico-sdk/lib/tinyusb/src/class/video/video_device.c.obj
LOAD CMakeFiles/pico-m8-keyboard.dir/C_/Program_Files/Raspberry_Pi/Pico_SDK_v1.5.1/pico-sdk/lib/tinyusb/src/portable/raspberrypi/pio_usb/dcd_pio_usb.c.obj
LOAD CMakeFiles/pico-m8-keyboard.dir/C_/Program_Files/Raspberry_Pi/Pico_SDK_v1.5.1/pico-sdk/lib/tinyusb/src/tusb.c.obj
LOAD CMakeFiles/pico-m8-keyboard.dir/C_/Program_Files/Raspberry_Pi/Pico_SDK_v1.5.1/pico-sdk/lib/tinyusb/src/common/tusb_fifo.c.obj
LOAD CMakeFiles/pico-m8-keyboard.dir/C_/Program_Files/Raspberry_Pi/Pico_SDK_v1.5.1/pico-sdk/src/rp2_common/pico_fix/rp2040_usb_device_enumeration/rp2040_usb_device_enumeration.c.obj
LOAD CMakeFiles/pico-m8-keyboard.dir/C_/Program_Files/Raspberry_Pi/Pico_SDK_v1.5.1/pico-sdk/lib/tinyusb/hw/bsp/rp2040/family.c.obj
LOAD C:\Users\Edward\AppData\Local\Temp\ccMThiiT.o
LOAD c:/progra~1/raspbe~1/picosd~1.1/gcc-ar~1/bin/../lib/gcc/arm-none-eabi/10.3.1/../../../../arm-none-eabi/lib/thumb/v6-m/nofp\libstdc++.a
LOAD c:/progra~1/raspbe~1/picosd~1.1/gcc-ar~1/bin/../lib/gcc/arm-none-eabi/10.3.1/../../../../arm-none-eabi/lib/thumb/v6-m/nofp\libm.a
START GROUP
LOAD c:/progra~1/raspbe~1/picosd~1.1/gcc-ar~1/bin/../lib/gcc/arm-none-eabi/10.3.1/thumb/v6-m/nofp\libgcc.a
LOAD c:/progra~1/raspbe~1/picosd~1.1/gcc-ar~1/bin/../lib/gcc/arm-none-eabi/10.3.1/../../../../arm-none-eabi/lib/thumb/v6-m/nofp\libc.a
END GROUP
START GROUP
LOAD c:/progra~1/raspbe~1/picosd~1.1/gcc-ar~1/bin/../lib/gcc/arm-none-eabi/10.3.1/thumb/v6-m/nofp\libgcc.a
LOAD c:/progra~1/raspbe~1/picosd~1.1/gcc-ar~1/bin/../lib/gcc/arm-none-eabi/10.3.1/../../../../arm-none-eabi/lib/thumb/v6-m/nofp\libc.a
LOAD c:/progra~1/raspbe~1/picosd~1.1/gcc-ar~1/bin/../lib/gcc/arm-none-eabi/10.3.1/../../../../arm-none-eabi/lib/thumb/v6-m/nofp\libnosys.a
END GROUP
LOAD c:/progra~1/raspbe~1/picosd~1.1/gcc-ar~1/bin/../lib/gcc/arm-none-eabi/10.3.1/thumb/v6-m/nofp/crtend.o
LOAD c:/progra~1/raspbe~1/picosd~1.1/gcc-ar~1/bin/../lib/gcc/arm-none-eabi/10.3.1/thumb/v6-m/nofp/crtn.o
OUTPUT(pico-m8-keyboard.elf elf32-littlearm)
LOAD linker stubs

.ARM.attributes
                0x00000000       0x28
 .ARM.attributes
                0x00000000       0x1e c:/progra~1/raspbe~1/picosd~1.1/gcc-ar~1/bin/../lib/gcc/arm-none-eabi/10.3.1/thumb/v6-m/nofp/crti.o
 .ARM.attributes
                0x0000001e       0x2c c:/progra~1/raspbe~1/picosd~1.1/gcc-ar~1/bin/../lib/gcc/arm-none-eabi/10.3.1/thumb/v6-m/nofp/crtbegin.o
 .ARM.attributes
                0x0000004a       0x2c CMakeFiles/pico-m8-keyboard.dir/pico-m8-keyboard.cpp.obj
 .ARM.attributes
                0x00000076       0x2c CMakeFiles/pico-m8-keyboard.dir/TinyUSB_Mouse_and_Keyboard/TinyUSB_Mouse_and_Keyboard.cpp.obj
 .ARM.attributes
                0x000000a2       0x2c CMakeFiles/pico-m8-keyboard.dir/Adafruit_TinyUSB_Arduino/src/arduino/hid/Adafruit_USBD_HID.cpp.obj
 .ARM.attributes
                0x000000ce       0x2c CMakeFiles/pico-m8-keyboard.dir/Adafruit_TinyUSB_Arduino/src/arduino/Adafruit_USBD_Device.cpp.obj
 .ARM.attributes
                0x000000fa       0x2c CMakeFiles/pico-m8-keyboard.dir/Adafruit_TinyUSB_Arduino/src/arduino/ports/rp2040/Adafruit_TinyUSB_rp2040.cpp.obj
 .ARM.attributes
                0x00000126       0x2c CMakeFiles/pico-m8-keyboard.dir/C_/Program_Files/Raspberry_Pi/Pico_SDK_v1.5.1/pico-sdk/src/rp2_common/hardware_gpio/gpio.c.obj
 .ARM.attributes
                0x00000152       0x2c CMakeFiles/pico-m8-keyboard.dir/C_/Program_Files/Raspberry_Pi/Pico_SDK_v1.5.1/pico-sdk/src/rp2_common/pico_platform/platform.c.obj